Component: ARM Compiler 5.06 update 7 (build 960) Tool: armlink [4d3601]

==============================================================================

Section Cross References

    main.o(i.CommTask) refers to communicate.o(i.Comm_PeriodicTask) for Comm_PeriodicTask
    main.o(i.CommTask) refers to tasks.o(i.vTaskDelay) for vTaskDelay
    main.o(i.LedTask) refers to led.o(i.LED_TOGGLE) for LED_TOGGLE
    main.o(i.LedTask) refers to tasks.o(i.vTaskDelay) for vTaskDelay
    main.o(i.main) refers to system_stm32f10x.o(i.SystemCoreClockUpdate) for SystemCoreClockUpdate
    main.o(i.main) refers to delay.o(i.Delay_Init) for Delay_Init
    main.o(i.main) refers to led.o(i.LED_Init) for LED_Init
    main.o(i.main) refers to iic.o(i.IIC_Init) for IIC_Init
    main.o(i.main) refers to nvic.o(i.NvicConfig) for NvicConfig
    main.o(i.main) refers to tim.o(i.TIM_Init) for TIM_Init
    main.o(i.main) refers to usart.o(i.USART_init) for USART_init
    main.o(i.main) refers to bq76940.o(i.BQ76940_Init) for BQ76940_Init
    main.o(i.main) refers to bms_app.o(i.BMS_AppInit) for BMS_AppInit
    main.o(i.main) refers to communicate.o(i.Comm_Init) for Comm_Init
    main.o(i.main) refers to watchdog.o(i.Watchdog_ServiceInit) for Watchdog_ServiceInit
    main.o(i.main) refers to tasks.o(i.xTaskCreate) for xTaskCreate
    main.o(i.main) refers to tasks.o(i.vTaskStartScheduler) for vTaskStartScheduler
    main.o(i.main) refers to main.o(i.CommTask) for CommTask
    main.o(i.main) refers to main.o(i.LedTask) for LedTask
    startup_stm32f10x_md.o(RESET) refers to startup_stm32f10x_md.o(STACK) for __initial_sp
    startup_stm32f10x_md.o(RESET) refers to startup_stm32f10x_md.o(.text) for Reset_Handler
    startup_stm32f10x_md.o(RESET) refers to stm32f10x_it.o(i.NMI_Handler) for NMI_Handler
    startup_stm32f10x_md.o(RESET) refers to stm32f10x_it.o(i.HardFault_Handler) for HardFault_Handler
    startup_stm32f10x_md.o(RESET) refers to stm32f10x_it.o(i.MemManage_Handler) for MemManage_Handler
    startup_stm32f10x_md.o(RESET) refers to stm32f10x_it.o(i.BusFault_Handler) for BusFault_Handler
    startup_stm32f10x_md.o(RESET) refers to stm32f10x_it.o(i.UsageFault_Handler) for UsageFault_Handler
    startup_stm32f10x_md.o(RESET) refers to port.o(.emb_text) for SVC_Handler
    startup_stm32f10x_md.o(RESET) refers to stm32f10x_it.o(i.DebugMon_Handler) for DebugMon_Handler
    startup_stm32f10x_md.o(RESET) refers to port.o(i.SysTick_Handler) for SysTick_Handler
    startup_stm32f10x_md.o(RESET) refers to stm32f10x_it.o(i.TIM4_IRQHandler) for TIM4_IRQHandler
    startup_stm32f10x_md.o(RESET) refers to stm32f10x_it.o(i.USART1_IRQHandler) for USART1_IRQHandler
    startup_stm32f10x_md.o(.text) refers to system_stm32f10x.o(i.SystemInit) for SystemInit
    startup_stm32f10x_md.o(.text) refers to entry.o(.ARM.Collect$$$$00000000) for __main
    stm32f10x_it.o(i.TIM4_IRQHandler) refers to stm32f10x_tim.o(i.TIM_GetITStatus) for TIM_GetITStatus
    stm32f10x_it.o(i.TIM4_IRQHandler) refers to stm32f10x_tim.o(i.TIM_ClearITPendingBit) for TIM_ClearITPendingBit
    stm32f10x_it.o(i.TIM4_IRQHandler) refers to communicate.o(i.Comm_On1msTick) for Comm_On1msTick
    stm32f10x_it.o(i.USART1_IRQHandler) refers to stm32f10x_usart.o(i.USART_GetITStatus) for USART_GetITStatus
    stm32f10x_it.o(i.USART1_IRQHandler) refers to stm32f10x_usart.o(i.USART_ReceiveData) for USART_ReceiveData
    stm32f10x_it.o(i.USART1_IRQHandler) refers to communicate.o(i.Comm_RxCallback) for Comm_RxCallback
    system_stm32f10x.o(i.SetSysClock) refers to system_stm32f10x.o(i.SetSysClockTo72) for SetSysClockTo72
    system_stm32f10x.o(i.SystemCoreClockUpdate) refers to system_stm32f10x.o(.data) for SystemCoreClock
    system_stm32f10x.o(i.SystemInit) refers to system_stm32f10x.o(i.SetSysClock) for SetSysClock
    stm32f10x_adc.o(i.ADC_DeInit) refers to stm32f10x_rcc.o(i.RCC_APB2PeriphResetCmd) for RCC_APB2PeriphResetCmd
    stm32f10x_bkp.o(i.BKP_DeInit) refers to stm32f10x_rcc.o(i.RCC_BackupResetCmd) for RCC_BackupResetCmd
    stm32f10x_can.o(i.CAN_DeInit) refers to stm32f10x_rcc.o(i.RCC_APB1PeriphResetCmd) for RCC_APB1PeriphResetCmd
    stm32f10x_can.o(i.CAN_GetITStatus) refers to stm32f10x_can.o(i.CheckITStatus) for CheckITStatus
    stm32f10x_cec.o(i.CEC_DeInit) refers to stm32f10x_rcc.o(i.RCC_APB1PeriphResetCmd) for RCC_APB1PeriphResetCmd
    stm32f10x_dac.o(i.DAC_DeInit) refers to stm32f10x_rcc.o(i.RCC_APB1PeriphResetCmd) for RCC_APB1PeriphResetCmd
    stm32f10x_flash.o(i.FLASH_EnableWriteProtection) refers to stm32f10x_flash.o(i.FLASH_WaitForLastOperation) for FLASH_WaitForLastOperation
    stm32f10x_flash.o(i.FLASH_EraseAllBank1Pages) refers to stm32f10x_flash.o(i.FLASH_WaitForLastBank1Operation) for FLASH_WaitForLastBank1Operation
    stm32f10x_flash.o(i.FLASH_EraseAllPages) refers to stm32f10x_flash.o(i.FLASH_WaitForLastOperation) for FLASH_WaitForLastOperation
[...]
    i.BQ76940_Read_Pack_Voltage              0x080019f0   Section        0  bq76940.o(i.BQ76940_Read_Pack_Voltage)
    i.BQ76940_Read_Reg                       0x08001a54   Section        0  bq76940.o(i.BQ76940_Read_Reg)
    BQ76940_Read_Reg                         0x08001a55   Thumb Code    94  bq76940.o(i.BQ76940_Read_Reg)
    i.BQ76940_Read_Status                    0x08001ab2   Section        0  bq76940.o(i.BQ76940_Read_Status)
    i.BQ76940_Read_Temperature               0x08001abc   Section        0  bq76940.o(i.BQ76940_Read_Temperature)
    i.BQ76940_Write_Reg                      0x08001ba8   Section        0  bq76940.o(i.BQ76940_Write_Reg)
    BQ76940_Write_Reg                        0x08001ba9   Thumb Code   122  bq76940.o(i.BQ76940_Write_Reg)
    i.BQ_First_Config                        0x08001c24   Section        0  bq76940.o(i.BQ_First_Config)
    BQ_First_Config                          0x08001c25   Thumb Code    34  bq76940.o(i.BQ_First_Config)
    i.BusFault_Handler                       0x08001c50   Section        0  stm32f10x_it.o(i.BusFault_Handler)
    i.CRC16_IBM                              0x08001c54   Section        0  communicate.o(i.CRC16_IBM)
    CRC16_IBM                                0x08001c55   Thumb Code    58  communicate.o(i.CRC16_IBM)
    i.CRC16_IBM_from_ring                    0x08001c8e   Section        0  communicate.o(i.CRC16_IBM_from_ring)
    CRC16_IBM_from_ring                      0x08001c8f   Thumb Code    74  communicate.o(i.CRC16_IBM_from_ring)
    i.CommTask                               0x08001cd8   Section        0  main.o(i.CommTask)
    CommTask                                 0x08001cd9   Thumb Code    16  main.o(i.CommTask)
    i.Comm_Init                              0x08001ce8   Section        0  communicate.o(i.Comm_Init)
    i.Comm_On1msTick                         0x08001d30   Section        0  communicate.o(i.Comm_On1msTick)
    i.Comm_PeriodicTask                      0x08001d40   Section        0  communicate.o(i.Comm_PeriodicTask)
    i.Comm_RxCallback                        0x08001d88   Section        0  communicate.o(i.Comm_RxCallback)
    i.Comm_SetStreamInterval                 0x08001dc8   Section        0  communicate.o(i.Comm_SetStreamInterval)
    i.DebugMon_Handler                       0x08001de8   Section        0  stm32f10x_it.o(i.DebugMon_Handler)
    i.Delay_DWT_Init                         0x08001dec   Section        0  delay.o(i.Delay_DWT_Init)
    Delay_DWT_Init                           0x08001ded   Thumb Code    80  delay.o(i.Delay_DWT_Init)
    i.Delay_Init                             0x08001e54   Section        0  delay.o(i.Delay_Init)
    i.Delay_ms                               0x08001e5c   Section        0  delay.o(i.Delay_ms)
    i.Delay_us                               0x08001e98   Section        0  delay.o(i.Delay_us)
    i.GPIO_Init                              0x08001f10   Section        0  stm32f10x_gpio.o(i.GPIO_Init)
    i.GPIO_PinRemapConfig                    0x08002028   Section        0  stm32f10x_gpio.o(i.GPIO_PinRemapConfig)
    i.GPIO_ReadInputDataBit                  0x080020b8   Section        0  stm32f10x_gpio.o(i.GPIO_ReadInputDataBit)
    i.GPIO_ResetBits                         0x080020ca   Section        0  stm32f10x_gpio.o(i.GPIO_ResetBits)
    i.GPIO_SetBits                           0x080020ce   Section        0  stm32f10x_gpio.o(i.GPIO_SetBits)
    i.GPIO_WriteBit                          0x080020d2   Section        0  stm32f10x_gpio.o(i.GPIO_WriteBit)
    i.Get_offset_gain                        0x080020dc   Section        0  bq76940.o(i.Get_offset_gain)
    Get_offset_gain                          0x080020dd   Thumb Code    68  bq76940.o(i.Get_offset_gain)
    i.HandleCommand                          0x0800212c   Section        0  communicate.o(i.HandleCommand)
    HandleCommand                            0x0800212d   Thumb Code   418  communicate.o(i.HandleCommand)
    i.HardFault_Handler                      0x080022d8   Section        0  stm32f10x_it.o(i.HardFault_Handler)
    i.IIC_Ack                                0x080022dc   Section        0  iic.o(i.IIC_Ack)
    i.IIC_Init                               0x0800231c   Section        0  iic.o(i.IIC_Init)
    i.IIC_NAck                               0x08002378   Section        0  iic.o(i.IIC_NAck)
    i.IIC_Read_Byte                          0x080023c0   Section        0  iic.o(i.IIC_Read_Byte)
    i.IIC_SDA_IN                             0x08002428   Section        0  iic.o(i.IIC_SDA_IN)
    IIC_SDA_IN                               0x08002429   Thumb Code    32  iic.o(i.IIC_SDA_IN)
    i.IIC_SDA_OUT                            0x0800244c   Section        0  iic.o(i.IIC_SDA_OUT)
    IIC_SDA_OUT                              0x0800244d   Thumb Code    32  iic.o(i.IIC_SDA_OUT)
    i.IIC_Start                              0x08002470   Section        0  iic.o(i.IIC_Start)
    i.IIC_Stop                               0x080024b0   Section        0  iic.o(i.IIC_Stop)
    i.IIC_Wait_Ack                           0x080024f8   Section        0  iic.o(i.IIC_Wait_Ack)
    i.IIC_Write_Byte                         0x08002558   Section        0  iic.o(i.IIC_Write_Byte)
    i.IWDG_Enable                            0x080025c4   Section        0  stm32f10x_iwdg.o(i.IWDG_Enable)
    i.IWDG_ReloadCounter                     0x080025d4   Section        0  stm32f10x_iwdg.o(i.IWDG_ReloadCounter)
    i.IWDG_SetPrescaler                      0x080025e4   Section        0  stm32f10x_iwdg.o(i.IWDG_SetPrescaler)
    i.IWDG_SetReload                         0x080025f0   Section        0  stm32f10x_iwdg.o(i.IWDG_SetReload)
    i.IWDG_WriteAccessCmd                    0x080025fc   Section        0  stm32f10x_iwdg.o(i.IWDG_WriteAccessCmd)
    i.LED_Init                               0x08002608   Section        0  led.o(i.LED_Init)
    i.LED_TOGGLE                             0x08002648   Section        0  led.o(i.LED_TOGGLE)
    i.LedTask                                0x08002674   Section        0  main.o(i.LedTask)
    LedTask                                  0x08002675   Thumb Code    18  main.o(i.LedTask)
    i.MemManage_Handler                      0x08002686   Section        0  stm32f10x_it.o(i.MemManage_Handler)
    i.NMI_Handler                            0x0800268a   Section        0  stm32f10x_it.o(i.NMI_Handler)
    i.NVIC_Init                              0x0800268c   Section        0  misc.o(i.NVIC_Init)
    i.NVIC_PriorityGroupConfig               0x080026fc   Section        0  misc.o(i.NVIC_PriorityGroupConfig)
    i.NvicConfig                             0x08002710   Section        0  nvic.o(i.NvicConfig)
    i.OCD_SCD_PROTECT                        0x08002758   Section        0  bq76940.o(i.OCD_SCD_PROTECT)
    OCD_SCD_PROTECT                          0x08002759   Thumb Code    20  bq76940.o(i.OCD_SCD_PROTECT)
    i.OV_UV_PROTECT                          0x0800276c   Section        0  bq76940.o(i.OV_UV_PROTECT)
    OV_UV_PROTECT                            0x0800276d   Thumb Code   110  bq76940.o(i.OV_UV_PROTECT)
    i.ParseRxBuffer                          0x080027e4   Section        0  communicate.o(i.ParseRxBuffer)
    ParseRxBuffer                            0x080027e5   Thumb Code   274  communicate.o(i.ParseRxBuffer)
    i.RCC_APB1PeriphClockCmd                 0x08002904   Section        0  stm32f10x_rcc.o(i.RCC_APB1PeriphClockCmd)
    i.RCC_APB2PeriphClockCmd                 0x08002924   Section        0  stm32f10x_rcc.o(i.RCC_APB2PeriphClockCmd)
    i.RCC_GetClocksFreq                      0x08002944   Section        0  stm32f10x_rcc.o(i.RCC_GetClocksFreq)
    i.RCC_GetFlagStatus                      0x08002a18   Section        0  stm32f10x_rcc.o(i.RCC_GetFlagStatus)
    i.RCC_LSICmd                             0x08002a54   Section        0  stm32f10x_rcc.o(i.RCC_LSICmd)
    i.SendAck                                0x08002a60   Section        0  communicate.o(i.SendAck)
    SendAck                                  0x08002a61   Thumb Code    22  communicate.o(i.SendAck)
    i.SendFrame                              0x08002a78   Section        0  communicate.o(i.SendFrame)
    i.SendTelemetry                          0x08002b20   Section        0  communicate.o(i.SendTelemetry)
    SendTelemetry                            0x08002b21   Thumb Code   534  communicate.o(i.SendTelemetry)
    i.SetSysClock                            0x08002d36   Section        0  system_stm32f10x.o(i.SetSysClock)
    SetSysClock                              0x08002d37   Thumb Code     8  system_stm32f10x.o(i.SetSysClock)
    i.SetSysClockTo72                        0x08002d40   Section        0  system_stm32f10x.o(i.SetSysClockTo72)
    SetSysClockTo72                          0x08002d41   Thumb Code   214  system_stm32f10x.o(i.SetSysClockTo72)
    i.SysTick_Handler                        0x08002e20   Section        0  port.o(i.SysTick_Handler)
    i.SystemCoreClockUpdate                  0x08002e54   Section        0  system_stm32f10x.o(i.SystemCoreClockUpdate)
    i.SystemInit                             0x08002ef8   Section        0  system_stm32f10x.o(i.SystemInit)
    i.TIM4_IRQHandler                        0x08002f58   Section        0  stm32f10x_it.o(i.TIM4_IRQHandler)
    i.TIM_ClearITPendingBit                  0x08002f78   Section        0  stm32f10x_tim.o(i.TIM_ClearITPendingBit)
    i.TIM_Cmd                                0x08002f7e   Section        0  stm32f10x_tim.o(i.TIM_Cmd)
    i.TIM_GetITStatus                        0x08002f96   Section        0  stm32f10x_tim.o(i.TIM_GetITStatus)
    i.TIM_ITConfig                           0x08002fb8   Section        0  stm32f10x_tim.o(i.TIM_ITConfig)
    i.TIM_Init                               0x08002fcc   Section        0  tim.o(i.TIM_Init)
    i.TIM_TimeBaseInit                       0x08003010   Section        0  stm32f10x_tim.o(i.TIM_TimeBaseInit)
    i.USART1_IRQHandler                      0x080030b4   Section        0  stm32f10x_it.o(i.USART1_IRQHandler)
    i.USART_Cmd                              0x080030d8   Section        0  stm32f10x_usart.o(i.USART_Cmd)
    i.USART_GetFlagStatus                    0x080030f0   Section        0  stm32f10x_usart.o(i.USART_GetFlagStatus)
    i.USART_GetITStatus                      0x0800310a   Section        0  stm32f10x_usart.o(i.USART_GetITStatus)
    i.USART_ITConfig                         0x0800315e   Section        0  stm32f10x_usart.o(i.USART_ITConfig)
    i.USART_Init                             0x080031a8   Section        0  stm32f10x_usart.o(i.USART_Init)
    i.USART_ReceiveData                      0x08003280   Section        0  stm32f10x_usart.o(i.USART_ReceiveData)
    i.USART_SendData                         0x0800328a   Section        0  stm32f10x_usart.o(i.USART_SendData)
    i.USART_init                             0x08003294   Section        0  usart.o(i.USART_init)
    i.UsageFault_Handler                     0x08003324   Section        0  stm32f10x_it.o(i.UsageFault_Handler)
    i.WAKE_ALL_DEVICE                        0x08003328   Section        0  bq76940.o(i.WAKE_ALL_DEVICE)
    i.Watchdog_Init                          0x0800334c   Section        0  watchdog.o(i.Watchdog_Init)
    i.Watchdog_Kick                          0x080033a0   Section        0  watchdog.o(i.Watchdog_Kick)
    i.Watchdog_ServiceInit                   0x080033a8   Section        0  watchdog.o(i.Watchdog_ServiceInit)
    i.Watchdog_Task                          0x080033e0   Section        0  watchdog.o(i.Watchdog_Task)
    Watchdog_Task                            0x080033e1   Thumb Code    82  watchdog.o(i.Watchdog_Task)
    i.__mathlib_flt_divzero                  0x08003432   Section        0  funder.o(i.__mathlib_flt_divzero)
    i.__mathlib_flt_infnan                   0x0800343c   Section        0  funder.o(i.__mathlib_flt_infnan)
    i.__mathlib_flt_invalid                  0x08003442   Section        0  funder.o(i.__mathlib_flt_invalid)
    i.__scatterload_copy                     0x0800344a   Section       14  handlers.o(i.__scatterload_copy)
    i.__scatterload_null                     0x08003458   Section        2  handlers.o(i.__scatterload_null)
    i.__scatterload_zeroinit                 0x0800345a   Section       14  handlers.o(i.__scatterload_zeroinit)
    i.__set_errno                            0x08003468   Section        0  errno.o(i.__set_errno)
    i.clamp_cfg_i16                          0x08003474   Section        0  bms_app.o(i.clamp_cfg_i16)
    clamp_cfg_i16                            0x08003475   Thumb Code    22  bms_app.o(i.clamp_cfg_i16)
    i.clamp_cfg_u16                          0x0800348a   Section        0  bms_app.o(i.clamp_cfg_u16)
    clamp_cfg_u16                            0x0800348b   Thumb Code    22  bms_app.o(i.clamp_cfg_u16)
    i.clamp_u16                              0x080034a0   Section        0  bms_app.o(i.clamp_u16)
    clamp_u16                                0x080034a1   Thumb Code    54  bms_app.o(i.clamp_u16)
    i.clamp_u8                               0x080034dc   Section        0  bms_app.o(i.clamp_u8)
    clamp_u8                                 0x080034dd   Thumb Code    52  bms_app.o(i.clamp_u8)
    i.clampf_range                           0x08003514   Section        0  bms_app.o(i.clampf_range)
    clampf_range                             0x08003515   Thumb Code    40  bms_app.o(i.clampf_range)
    i.get_tick                               0x0800353c   Section        0  communicate.o(i.get_tick)
    i.is_cell_present                        0x08003558   Section        0  bq76940.o(i.is_cell_present)
    is_cell_present                          0x08003559   Thumb Code    28  bq76940.o(i.is_cell_present)
    i.logf                                   0x08003578   Section        0  logf.o(i.logf)
    i.main                                   0x08003708   Section        0  main.o(i.main)
    i.prvAddCurrentTaskToDelayedList         0x08003790   Section        0  tasks.o(i.prvAddCurrentTaskToDelayedList)
    prvAddCurrentTaskToDelayedList           0x08003791   Thumb Code   124  tasks.o(i.prvAddCurrentTaskToDelayedList)
    i.prvAddNewTaskToReadyList               0x08003828   Section        0  tasks.o(i.prvAddNewTaskToReadyList)
    prvAddNewTaskToReadyList                 0x08003829   Thumb Code   150  tasks.o(i.prvAddNewTaskToReadyList)
    i.prvCheckForValidListAndQueue           0x080038dc   Section        0  timers.o(i.prvCheckForValidListAndQueue)
    prvCheckForValidListAndQueue             0x080038dd   Thumb Code    56  timers.o(i.prvCheckForValidListAndQueue)
    i.prvCheckTasksWaitingTermination        0x08003928   Section        0  tasks.o(i.prvCheckTasksWaitingTermination)
    prvCheckTasksWaitingTermination          0x08003929   Thumb Code    86  tasks.o(i.prvCheckTasksWaitingTermination)
    i.prvCopyDataFromQueue                   0x0800398c   Section        0  queue.o(i.prvCopyDataFromQueue)
    prvCopyDataFromQueue                     0x0800398d   Thumb Code    42  queue.o(i.prvCopyDataFromQueue)
    i.prvCopyDataToQueue                     0x080039b6   Section        0  queue.o(i.prvCopyDataToQueue)
    prvCopyDataToQueue                       0x080039b7   Thumb Code   124  queue.o(i.prvCopyDataToQueue)
    i.prvDeleteTCB                           0x08003a32   Section        0  tasks.o(i.prvDeleteTCB)
    prvDeleteTCB                             0x08003a33   Thumb Code    18  tasks.o(i.prvDeleteTCB)
    i.prvGetNextExpireTime                   0x08003a44   Section        0  timers.o(i.prvGetNextExpireTime)
    prvGetNextExpireTime                     0x08003a45   Thumb Code    36  timers.o(i.prvGetNextExpireTime)
    i.prvHeapInit                            0x08003a6c   Section        0  heap_4.o(i.prvHeapInit)
    prvHeapInit                              0x08003a6d   Thumb Code    98  heap_4.o(i.prvHeapInit)
    i.prvIdleTask                            0x08003ae8   Section        0  tasks.o(i.prvIdleTask)
    prvIdleTask                              0x08003ae9   Thumb Code    32  tasks.o(i.prvIdleTask)
    i.prvInitialiseMutex                     0x08003b10   Section        0  queue.o(i.prvInitialiseMutex)
    prvInitialiseMutex                       0x08003b11   Thumb Code    28  queue.o(i.prvInitialiseMutex)
    i.prvInitialiseNewQueue                  0x08003b2c   Section        0  queue.o(i.prvInitialiseNewQueue)
    prvInitialiseNewQueue                    0x08003b2d   Thumb Code    38  queue.o(i.prvInitialiseNewQueue)
    i.prvInitialiseNewTask                   0x08003b52   Section        0  tasks.o(i.prvInitialiseNewTask)
    prvInitialiseNewTask                     0x08003b53   Thumb Code   134  tasks.o(i.prvInitialiseNewTask)
    i.prvInitialiseTaskLists                 0x08003bd8   Section        0  tasks.o(i.prvInitialiseTaskLists)
    prvInitialiseTaskLists                   0x08003bd9   Thumb Code    70  tasks.o(i.prvInitialiseTaskLists)
    i.prvInsertBlockIntoFreeList             0x08003c40   Section        0  heap_4.o(i.prvInsertBlockIntoFreeList)
    prvInsertBlockIntoFreeList               0x08003c41   Thumb Code    96  heap_4.o(i.prvInsertBlockIntoFreeList)
    i.prvInsertTimerInActiveList             0x08003ca8   Section        0  timers.o(i.prvInsertTimerInActiveList)
    prvInsertTimerInActiveList               0x08003ca9   Thumb Code    80  timers.o(i.prvInsertTimerInActiveList)
    i.prvIsQueueEmpty                        0x08003d00   Section        0  queue.o(i.prvIsQueueEmpty)
    prvIsQueueEmpty                          0x08003d01   Thumb Code    26  queue.o(i.prvIsQueueEmpty)
    i.prvIsQueueFull                         0x08003d1a   Section        0  queue.o(i.prvIsQueueFull)
    prvIsQueueFull                           0x08003d1b   Thumb Code    30  queue.o(i.prvIsQueueFull)
    i.prvProcessExpiredTimer                 0x08003d38   Section        0  timers.o(i.prvProcessExpiredTimer)
    prvProcessExpiredTimer                   0x08003d39   Thumb Code    70  timers.o(i.prvProcessExpiredTimer)
    i.prvProcessReceivedCommands             0x08003d84   Section        0  timers.o(i.prvProcessReceivedCommands)
    prvProcessReceivedCommands               0x08003d85   Thumb Code   184  timers.o(i.prvProcessReceivedCommands)
    i.prvProcessTimerOrBlockTask             0x08003e40   Section        0  timers.o(i.prvProcessTimerOrBlockTask)
    prvProcessTimerOrBlockTask               0x08003e41   Thumb Code   102  timers.o(i.prvProcessTimerOrBlockTask)
    i.prvResetNextTaskUnblockTime            0x08003eb4   Section        0  tasks.o(i.prvResetNextTaskUnblockTime)
    prvResetNextTaskUnblockTime              0x08003eb5   Thumb Code    42  tasks.o(i.prvResetNextTaskUnblockTime)
    i.prvSampleTimeNow                       0x08003ee8   Section        0  timers.o(i.prvSampleTimeNow)
    prvSampleTimeNow                         0x08003ee9   Thumb Code    40  timers.o(i.prvSampleTimeNow)
    i.prvSwitchTimerLists                    0x08003f14   Section        0  timers.o(i.prvSwitchTimerLists)
    prvSwitchTimerLists                      0x08003f15   Thumb Code   122  timers.o(i.prvSwitchTimerLists)
    i.prvTaskExitError                       0x08003f98   Section        0  port.o(i.prvTaskExitError)
    prvTaskExitError                         0x08003f99   Thumb Code    22  port.o(i.prvTaskExitError)
    i.prvTestWaitCondition                   0x08003fae   Section        0  event_groups.o(i.prvTestWaitCondition)
    prvTestWaitCondition                     0x08003faf   Thumb Code    30  event_groups.o(i.prvTestWaitCondition)
    i.prvTimerTask                           0x08003fcc   Section        0  timers.o(i.prvTimerTask)
    prvTimerTask                             0x08003fcd   Thumb Code    26  timers.o(i.prvTimerTask)
    i.prvUnlockQueue                         0x08003fe6   Section        0  queue.o(i.prvUnlockQueue)
    prvUnlockQueue                           0x08003fe7   Thumb Code   126  queue.o(i.prvUnlockQueue)
    i.pvPortMalloc                           0x08004064   Section        0  heap_4.o(i.pvPortMalloc)
    i.pvTaskIncrementMutexHeldCount          0x08004134   Section        0  tasks.o(i.pvTaskIncrementMutexHeldCount)
    i.pxPortInitialiseStack                  0x08004154   Section        0  port.o(i.pxPortInitialiseStack)
    i.ring_peek                              0x08004178   Section        0  communicate.o(i.ring_peek)
    ring_peek                                0x08004179   Thumb Code    14  communicate.o(i.ring_peek)
    i.usart_send                             0x0800418c   Section        0  usart.o(i.usart_send)
    i.uxListRemove                           0x080041c8   Section        0  list.o(i.uxListRemove)
    i.uxTaskResetEventItemValue              0x080041f0   Section        0  tasks.o(i.uxTaskResetEventItemValue)
    i.vListInitialise                        0x0800420c   Section        0  list.o(i.vListInitialise)
    i.vListInitialiseItem                    0x08004226   Section        0  list.o(i.vListInitialiseItem)
    i.vListInsert                            0x0800422c   Section        0  list.o(i.vListInsert)
    i.vListInsertEnd                         0x08004260   Section        0  list.o(i.vListInsertEnd)
    i.vPortEnterCritical                     0x08004278   Section        0  port.o(i.vPortEnterCritical)
    i.vPortExitCritical                      0x0800429c   Section        0  port.o(i.vPortExitCritical)
    i.vPortFree                              0x080042bc   Section        0  heap_4.o(i.vPortFree)
    i.vPortSetupTimerInterrupt               0x08004304   Section        0  port.o(i.vPortSetupTimerInterrupt)
    i.vQueueWaitForMessageRestricted         0x08004318   Section        0  queue.o(i.vQueueWaitForMessageRestricted)
    i.vTaskDelay                             0x08004364   Section        0  tasks.o(i.vTaskDelay)
    i.vTaskDelayUntil                        0x08004398   Section        0  tasks.o(i.vTaskDelayUntil)
    i.vTaskMissedYield                       0x0800440c   Section        0  tasks.o(i.vTaskMissedYield)
    i.vTaskPlaceOnEventList                  0x08004418   Section        0  tasks.o(i.vTaskPlaceOnEventList)
    i.vTaskPlaceOnEventListRestricted        0x08004438   Section        0  tasks.o(i.vTaskPlaceOnEventListRestricted)
    i.vTaskPlaceOnUnorderedEventList         0x08004460   Section        0  tasks.o(i.vTaskPlaceOnUnorderedEventList)
    i.vTaskPriorityInherit                   0x0800448c   Section        0  tasks.o(i.vTaskPriorityInherit)
    i.vTaskSetTimeOutState                   0x0800453c   Section        0  tasks.o(i.vTaskSetTimeOutState)
    i.vTaskStartScheduler                    0x08004554   Section        0  tasks.o(i.vTaskStartScheduler)
    i.vTaskSuspendAll                        0x080045c4   Section        0  tasks.o(i.vTaskSuspendAll)
    i.vTaskSwitchContext                     0x080045d4   Section        0  tasks.o(i.vTaskSwitchContext)
    i.xEventGroupCreate                      0x08004634   Section        0  event_groups.o(i.xEventGroupCreate)
    i.xEventGroupSetBits                     0x0800464e   Section        0  event_groups.o(i.xEventGroupSetBits)
    i.xEventGroupWaitBits                    0x080046e0   Section        0  event_groups.o(i.xEventGroupWaitBits)
    i.xPortStartScheduler                    0x080047a8   Section        0  port.o(i.xPortStartScheduler)
    i.xQueueCreateMutex                      0x080047dc   Section        0  queue.o(i.xQueueCreateMutex)
    i.xQueueGenericCreate                    0x080047fe   Section        0  queue.o(i.xQueueGenericCreate)
    i.xQueueGenericReceive                   0x08004838   Section        0  queue.o(i.xQueueGenericReceive)
    i.xQueueGenericReset                     0x08004994   Section        0  queue.o(i.xQueueGenericReset)
    i.xQueueGenericSend                      0x08004a14   Section        0  queue.o(i.xQueueGenericSend)
    i.xQueueGenericSendFromISR               0x08004b2c   Section        0  queue.o(i.xQueueGenericSendFromISR)
    i.xTaskCheckForTimeOut                   0x08004bb4   Section        0  tasks.o(i.xTaskCheckForTimeOut)
    i.xTaskCreate                            0x08004c10   Section        0  tasks.o(i.xTaskCreate)
    i.xTaskGetSchedulerState                 0x08004c70   Section        0  tasks.o(i.xTaskGetSchedulerState)
    i.xTaskGetTickCount                      0x08004c90   Section        0  tasks.o(i.xTaskGetTickCount)
    i.xTaskIncrementTick                     0x08004c9c   Section        0  tasks.o(i.xTaskIncrementTick)
    i.xTaskPriorityDisinherit                0x08004db8   Section        0  tasks.o(i.xTaskPriorityDisinherit)
    i.xTaskRemoveFromEventList               0x08004e3c   Section        0  tasks.o(i.xTaskRemoveFromEventList)
    i.xTaskRemoveFromUnorderedEventList      0x08004ebc   Section        0  tasks.o(i.xTaskRemoveFromUnorderedEventList)
    i.xTaskResumeAll                         0x08004f2c   Section        0  tasks.o(i.xTaskResumeAll)
    i.xTimerCreateTimerTask                  0x08005014   Section        0  timers.o(i.xTimerCreateTimerTask)
    i.xTimerGenericCommand                   0x08005050   Section        0  timers.o(i.xTimerGenericCommand)
    .constdata                               0x080050bc   Section      108  bq76940.o(.constdata)
    BQ76940_Init_Reg                         0x080050bc   Data          12  bq76940.o(.constdata)
    BQ76940_Init_Data                        0x080050c8   Data          12  bq76940.o(.constdata)
    soc_table                                0x080050d4   Data          84  bq76940.o(.constdata)
    .constdata                               0x08005128   Section       64  logf.o(.constdata)
    logahi                                   0x08005128   Data          32  logf.o(.constdata)
    logalo                                   0x08005148   Data          32  logf.o(.constdata)
    .data                                    0x20000000   Section       20  system_stm32f10x.o(.data)
    .data                                    0x20000014   Section       20  stm32f10x_rcc.o(.data)
    APBAHBPrescTable                         0x20000014   Data          16  stm32f10x_rcc.o(.data)
    ADCPrescTable                            0x20000024   Data           4  stm32f10x_rcc.o(.data)
    .data                                    0x20000028   Section        5  delay.o(.data)
    s_cycles_per_us                          0x20000028   Data           4  delay.o(.data)
    s_dwt_ready                              0x2000002c   Data           1  delay.o(.data)
    .data                                    0x20000030   Section       14  bq76940.o(.data)
    ADC_offset                               0x20000030   Data           4  bq76940.o(.data)
    GAIN_uV                                  0x20000034   Data           4  bq76940.o(.data)
    ADC_GAIN_raw                             0x20000038   Data           4  bq76940.o(.data)
    s_cell_present_mask                      0x2000003c   Data           2  bq76940.o(.data)
    .data                                    0x20000040   Section       20  communicate.o(.data)
    g_ms                                     0x20000040   Data           4  communicate.o(.data)
    rx_write_idx                             0x20000044   Data           2  communicate.o(.data)
    rx_read_idx                              0x20000046   Data           2  communicate.o(.data)
    rx_overflow_cnt                          0x20000048   Data           4  communicate.o(.data)
    g_streaming                              0x2000004c   Data           1  communicate.o(.data)
    g_seq                                    0x2000004d   Data           1  communicate.o(.data)
    g_stream_interval_ms                     0x2000004e   Data           2  communicate.o(.data)
    g_last_stream_tick                       0x20000050   Data           4  communicate.o(.data)
    .data                                    0x20000054   Section       38  bms_app.o(.data)
    s_state_mutex                            0x20000054   Data           4  bms_app.o(.data)
    s_bq_mutex                               0x20000058   Data           4  bms_app.o(.data)
    s_events                                 0x2000005c   Data           4  bms_app.o(.data)
    prev_pack_mv                             0x20000074   Data           2  bms_app.o(.data)
    prev_current                             0x20000076   Data           2  bms_app.o(.data)
    prev_valid                               0x20000078   Data           1  bms_app.o(.data)
    chg_inhibit                              0x20000079   Data           1  bms_app.o(.data)
    .data                                    0x2000007c   Section       24  heap_4.o(.data)
    xStart                                   0x2000007c   Data           8  heap_4.o(.data)
    pxEnd                                    0x20000084   Data           4  heap_4.o(.data)
    xFreeBytesRemaining                      0x20000088   Data           4  heap_4.o(.data)
    xMinimumEverFreeBytesRemaining           0x2000008c   Data           4  heap_4.o(.data)
    xBlockAllocatedBit                       0x20000090   Data           4  heap_4.o(.data)
    .data                                    0x20000094   Section        4  port.o(.data)
    uxCriticalNesting                        0x20000094   Data           4  port.o(.data)
    .data                                    0x20000098   Section       60  tasks.o(.data)
    pxDelayedTaskList                        0x2000009c   Data           4  tasks.o(.data)
    pxOverflowDelayedTaskList                0x200000a0   Data           4  tasks.o(.data)
    uxDeletedTasksWaitingCleanUp             0x200000a4   Data           4  tasks.o(.data)
    uxCurrentNumberOfTasks                   0x200000a8   Data           4  tasks.o(.data)
    xTickCount                               0x200000ac   Data           4  tasks.o(.data)
    uxTopReadyPriority                       0x200000b0   Data           4  tasks.o(.data)
    xSchedulerRunning                        0x200000b4   Data           4  tasks.o(.data)
    uxPendedTicks                            0x200000b8   Data           4  tasks.o(.data)
    xYieldPending                            0x200000bc   Data           4  tasks.o(.data)
    xNumOfOverflows                          0x200000c0   Data           4  tasks.o(.data)
    uxTaskNumber                             0x200000c4   Data           4  tasks.o(.data)
    xNextTaskUnblockTime                     0x200000c8   Data           4  tasks.o(.data)
    xIdleTaskHandle                          0x200000cc   Data           4  tasks.o(.data)
    uxSchedulerSuspended                     0x200000d0   Data           4  tasks.o(.data)
    .data                                    0x200000d4   Section       20  timers.o(.data)
    pxCurrentTimerList                       0x200000d4   Data           4  timers.o(.data)
    pxOverflowTimerList                      0x200000d8   Data           4  timers.o(.data)
    xTimerQueue                              0x200000dc   Data           4  timers.o(.data)
    xTimerTaskHandle                         0x200000e0   Data           4  timers.o(.data)
    xLastTime                                0x200000e4   Data           4  timers.o(.data)
    .data                                    0x200000e8   Section        4  errno.o(.data)
    _errno                                   0x200000e8   Data           4  errno.o(.data)
    .bss                                     0x200000ec   Section      740  communicate.o(.bss)
    txbuf                                    0x200000ec   Data         128  communicate.o(.bss)
    rxbuf                                    0x2000016c   Data         512  communicate.o(.bss)
    paybuf                                   0x2000036c   Data         100  communicate.o(.bss)
    .bss                                     0x200003d0   Section      146  bms_app.o(.bss)
    g_bms_state                              0x200003d0   Data         116  bms_app.o(.bss)
    prev_cell_mv                             0x20000444   Data          30  bms_app.o(.bss)
    .bss                                     0x20000462   Section    17408  heap_4.o(.bss)
    ucHeap                                   0x20000462   Data       17408  heap_4.o(.bss)
    .bss                                     0x20004864   Section      200  tasks.o(.bss)
    pxReadyTasksLists                        0x20004864   Data         100  tasks.o(.bss)
    xDelayedTaskList1                        0x200048c8   Data          20  tasks.o(.bss)
    xDelayedTaskList2                        0x200048dc   Data          20  tasks.o(.bss)
    xPendingReadyList                        0x200048f0   Data          20  tasks.o(.bss)
    xTasksWaitingTermination                 0x20004904   Data          20  tasks.o(.bss)
    xSuspendedTaskList                       0x20004918   Data          20  tasks.o(.bss)
    .bss                                     0x2000492c   Section       40  timers.o(.bss)
    xActiveTimerList1                        0x2000492c   Data          20  timers.o(.bss)
    xActiveTimerList2                        0x20004940   Data          20  timers.o(.bss)
    STACK                                    0x20004958   Section     1024  startup_stm32f10x_md.o(STACK)

    Global Symbols

    Symbol Name                              Value     Ov Type        Size  Object(Section)

    BuildAttributes$$THM_ISAv4$P$D$K$B$S$PE$A:L22UL41UL21$X:L11$S22US41US21$IEEE1$IW$USESV6$~STKCKD$USESV7$~SHL$OTIME$ROPI$IEEEX$EBA8$MICROLIB$REQ8$PRES8$EABIv2 0x00000000   Number         0  anon$$obj.o ABSOLUTE
    __ARM_use_no_argv                        0x00000000   Number         0  main.o ABSOLUTE
    __arm_fini_                               - Undefined Weak Reference
    __cpp_initialize__aeabi_                  - Undefined Weak Reference
    __cxa_finalize                            - Undefined Weak Reference
    __decompress                              - Undefined Weak Reference
    _clock_init                               - Undefined Weak Reference
    _microlib_exit                            - Undefined Weak Reference
    __Vectors_Size                           0x000000ec   Number         0  startup_stm32f10x_md.o ABSOLUTE
    __Vectors                                0x08000000   Data           4  startup_stm32f10x_md.o(RESET)
    __Vectors_End                            0x080000ec   Data           0  startup_stm32f10x_md.o(RESET)
    __main                                   0x080000ed   Thumb Code     0  entry.o(.ARM.Collect$$$$00000000)
    _main_stk                                0x080000ed   Thumb Code     0  entry2.o(.ARM.Collect$$$$00000001)
    _main_scatterload                        0x080000f1   Thumb Code     0  entry5.o(.ARM.Collect$$$$00000004)
    __main_after_scatterload                 0x080000f5   Thumb Code     0  entry5.o(.ARM.Collect$$$$00000004)
    _main_clock                              0x080000f5   Thumb Code     0  entry7b.o(.ARM.Collect$$$$00000008)
    _main_cpp_init                           0x080000f5   Thumb Code     0  entry8b.o(.ARM.Collect$$$$0000000A)
    _main_init                               0x080000f5   Thumb Code     0  entry9a.o(.ARM.Collect$$$$0000000B)
    __rt_lib_shutdown_fini                   0x080000fd   Thumb Code     0  entry12b.o(.ARM.Collect$$$$0000000E)
    __rt_final_cpp                           0x08000101   Thumb Code     0  entry10a.o(.ARM.Collect$$$$0000000F)
    __rt_final_exit                          0x08000101   Thumb Code     0  entry11a.o(.ARM.Collect$$$$00000011)
    SVC_Handler                              0x08000105   Thumb Code    32  port.o(.emb_text)
    __asm___6_port_c_39a90d8d__prvStartFirstTask 0x08000129   Thumb Code    28  port.o(.emb_text)
    PendSV_Handler                           0x08000149   Thumb Code    72  port.o(.emb_text)
    vPortGetIPSR                             0x08000195   Thumb Code     6  port.o(.emb_text)
    Reset_Handler                            0x0800019d   Thumb Code     8  startup_stm32f10x_md.o(.text)
    ADC1_2_IRQHandler                        0x080001b7   Thumb Code     0  startup_stm32f10x_md.o(.text)
    CAN1_RX1_IRQHandler                      0x080001b7   Thumb Code     0  startup_stm32f10x_md.o(.text)
    CAN1_SCE_IRQHandler                      0x080001b7   Thumb Code     0  startup_stm32f10x_md.o(.text)
    DMA1_Channel1_IRQHandler                 0x080001b7   Thumb Code     0  startup_stm32f10x_md.o(.text)
    DMA1_Channel2_IRQHandler                 0x080001b7   Thumb Code     0  startup_stm32f10x_md.o(.text)
    DMA1_Channel3_IRQHandler                 0x080001b7   Thumb Code     0  startup_stm32f10x_md.o(.text)
    DMA1_Channel4_IRQHandler                 0x080001b7   Thumb Code     0  startup_stm32f10x_md.o(.text)
    DMA1_Channel5_IRQHandler                 0x080001b7   Thumb Code     0  startup_stm32f10x_md.o(.text)
    DMA1_Channel6_IRQHandler                 0x080001b7   Thumb Code     0  startup_stm32f10x_md.o(.text)
    DMA1_Channel7_IRQHandler                 0x080001b7   Thumb Code     0  startup_stm32f10x_md.o(.text)
    EXTI0_IRQHandler                         0x080001b7   Thumb Code     0  startup_stm32f10x_md.o(.text)
    EXTI15_10_IRQHandler                     0x080001b7   Thumb Code     0  startup_stm32f10x_md.o(.text)
    EXTI1_IRQHandler                         0x080001b7   Thumb Code     0  startup_stm32f10x_md.o(.text)
    EXTI2_IRQHandler                         0x080001b7   Thumb Code     0  startup_stm32f10x_md.o(.text)
    EXTI3_IRQHandler                         0x080001b7   Thumb Code     0  startup_stm32f10x_md.o(.text)
    EXTI4_IRQHandler                         0x080001b7   Thumb Code     0  startup_stm32f10x_md.o(.text)
    EXTI9_5_IRQHandler                       0x080001b7   Thumb Code     0  startup_stm32f10x_md.o(.text)
    FLASH_IRQHandler                         0x080001b7   Thumb Code     0  startup_stm32f10x_md.o(.text)
    I2C1_ER_IRQHandler                       0x080001b7   Thumb Code     0  startup_stm32f10x_md.o(.text)
    I2C1_EV_IRQHandler                       0x080001b7   Thumb Code     0  startup_stm32f10x_md.o(.text)
    I2C2_ER_IRQHandler                       0x080001b7   Thumb Code     0  startup_stm32f10x_md.o(.text)
    I2C2_EV_IRQHandler                       0x080001b7   Thumb Code     0  startup_stm32f10x_md.o(.text)
    PVD_IRQHandler                           0x080001b7   Thumb Code     0  startup_stm32f10x_md.o(.text)
    RCC_IRQHandler                           0x080001b7   Thumb Code     0  startup_stm32f10x_md.o(.text)
    RTCAlarm_IRQHandler                      0x080001b7   Thumb Code     0  startup_stm32f10x_md.o(.text)
    RTC_IRQHandler                           0x080001b7   Thumb Code     0  startup_stm32f10x_md.o(.text)
    SPI1_IRQHandler                          0x080001b7   Thumb Code     0  startup_stm32f10x_md.o(.text)
    SPI2_IRQHandler                          0x080001b7   Thumb Code     0  startup_stm32f10x_md.o(.text)
    TAMPER_IRQHandler                        0x080001b7   Thumb Code     0  startup_stm32f10x_md.o(.text)
    TIM1_BRK_IRQHandler                      0x080001b7   Thumb Code     0  startup_stm32f10x_md.o(.text)
    TIM1_CC_IRQHandler                       0x080001b7   Thumb Code     0  startup_stm32f10x_md.o(.text)
    TIM1_TRG_COM_IRQHandler                  0x080001b7   Thumb Code     0  startup_stm32f10x_md.o(.text)
    TIM1_UP_IRQHandler                       0x080001b7   Thumb Code     0  startup_stm32f10x_md.o(.text)
    TIM2_IRQHandler                          0x080001b7   Thumb Code     0  startup_stm32f10x_md.o(.text)
    TIM3_IRQHandler                          0x080001b7   Thumb Code     0  startup_stm32f10x_md.o(.text)
    USART2_IRQHandler                        0x080001b7   Thumb Code     0  startup_stm32f10x_md.o(.text)
    USART3_IRQHandler                        0x080001b7   Thumb Code     0  startup_stm32f10x_md.o(.text)
    USBWakeUp_IRQHandler                     0x080001b7   Thumb Code     0  startup_stm32f10x_md.o(.text)
    USB_HP_CAN1_TX_IRQHandler                0x080001b7   Thumb Code     0  startup_stm32f10x_md.o(.text)
    USB_LP_CAN1_RX0_IRQHandler               0x080001b7   Thumb Code     0  startup_stm32f10x_md.o(.text)
    WWDG_IRQHandler                          0x080001b7   Thumb Code     0  startup_stm32f10x_md.o(.text)
    __aeabi_memcpy                           0x080001c1   Thumb Code    36  memcpya.o(.text)
    __aeabi_memcpy4                          0x080001c1   Thumb Code     0  memcpya.o(.text)
    __aeabi_memcpy8                          0x080001c1   Thumb Code     0  memcpya.o(.text)
    __aeabi_memset                           0x080001e5   Thumb Code    14  memseta.o(.text)
    __aeabi_memset4                          0x080001e5   Thumb Code     0  memseta.o(.text)
    __aeabi_memset8                          0x080001e5   Thumb Code     0  memseta.o(.text)
    __aeabi_memclr                           0x080001f3   Thumb Code     4  memseta.o(.text)
    __aeabi_memclr4                          0x080001f3   Thumb Code     0  memseta.o(.text)
    __aeabi_memclr8                          0x080001f3   Thumb Code     0  memseta.o(.text)
    _memset$wrapper                          0x080001f7   Thumb Code    18  memseta.o(.text)
    __aeabi_fadd                             0x08000209   Thumb Code   164  fadd.o(.text)
    __aeabi_fsub                             0x080002ad   Thumb Code     6  fadd.o(.text)
    __aeabi_frsub                            0x080002b3   Thumb Code     6  fadd.o(.text)
    __aeabi_fmul                             0x080002b9   Thumb Code   100  fmul.o(.text)
    __aeabi_fdiv                             0x0800031d   Thumb Code   124  fdiv.o(.text)
    __aeabi_i2f                              0x08000399   Thumb Code    18  fflti.o(.text)
    __aeabi_ui2f                             0x080003ab   Thumb Code    10  ffltui.o(.text)
    __aeabi_f2iz                             0x080003b5   Thumb Code    50  ffixi.o(.text)
    __aeabi_f2uiz                            0x080003e7   Thumb Code    40  ffixui.o(.text)
    __aeabi_cfcmpeq                          0x08000411   Thumb Code     0  cfcmple.o(.text)
    __aeabi_cfcmple                          0x08000411   Thumb Code    20  cfcmple.o(.text)
    __aeabi_cfrcmple                         0x08000425   Thumb Code    20  cfrcmple.o(.text)
    __I$use$fp                               0x08000439   Thumb Code     0  iusefp.o(.text)
    _float_round                             0x08000439   Thumb Code    18  fepilogue.o(.text)
    _float_epilogue                          0x0800044b   Thumb Code    92  fepilogue.o(.text)
    __ARM_scalbnf                            0x080004a7   Thumb Code    24  fscalb.o(.text)
    scalbnf                                  0x080004a7   Thumb Code     0  fscalb.o(.text)
    __scatterload                            0x080004c1   Thumb Code    28  init.o(.text)
    __scatterload_rt2                        0x080004c1   Thumb Code     0  init.o(.text)
    BMS_AppInit                              0x080004e5   Thumb Code   336  bms_app.o(i.BMS_AppInit)
    BMS_GetTelemetry                         0x080006ed   Thumb Code   184  bms_app.o(i.BMS_GetTelemetry)
    BMS_RequestChargeEnable                  0x080007f1   Thumb Code    44  bms_app.o(i.BMS_RequestChargeEnable)
    BMS_RequestDischargeEnable               0x08000825   Thumb Code    44  bms_app.o(i.BMS_RequestDischargeEnable)
    BMS_SetThresholds                        0x08000859   Thumb Code   226  bms_app.o(i.BMS_SetThresholds)
    BMS_Task_Balance                         0x08000945   Thumb Code   308  bms_app.o(i.BMS_Task_Balance)
    BMS_Task_Control                         0x08000a81   Thumb Code   428  bms_app.o(i.BMS_Task_Control)
    BMS_Task_Fault                           0x08000c3d   Thumb Code   684  bms_app.o(i.BMS_Task_Fault)
    BMS_Task_Measure                         0x08000ef9   Thumb Code   506  bms_app.o(i.BMS_Task_Measure)
    BMS_Task_SOC                             0x08001119   Thumb Code  1008  bms_app.o(i.BMS_Task_SOC)
    BQ76940_Calculate_SOC                    0x080015bd   Thumb Code   154  bq76940.o(i.BQ76940_Calculate_SOC)
    BQ76940_Clear_Status                     0x08001681   Thumb Code    12  bq76940.o(i.BQ76940_Clear_Status)
    BQ76940_Disable_All_Balance              0x0800168d   Thumb Code    28  bq76940.o(i.BQ76940_Disable_All_Balance)
    BQ76940_Enable_Balance                   0x080016a9   Thumb Code   104  bq76940.o(i.BQ76940_Enable_Balance)
    BQ76940_Enable_CHG                       0x08001711   Thumb Code    72  bq76940.o(i.BQ76940_Enable_CHG)
    BQ76940_Enable_DSG                       0x08001759   Thumb Code    72  bq76940.o(i.BQ76940_Enable_DSG)
    BQ76940_Get_CHG_DSG_Status               0x080017a1   Thumb Code    32  bq76940.o(i.BQ76940_Get_CHG_DSG_Status)
    BQ76940_Init                             0x080017c1   Thumb Code    80  bq76940.o(i.BQ76940_Init)
    BQ76940_RCC                              0x08001811   Thumb Code    40  bq76940.o(i.BQ76940_RCC)
    BQ76940_Read_All_Data                    0x0800183d   Thumb Code   136  bq76940.o(i.BQ76940_Read_All_Data)
    BQ76940_Read_Cell_Voltage                0x080018c5   Thumb Code   140  bq76940.o(i.BQ76940_Read_Cell_Voltage)
    BQ76940_Read_Current                     0x08001959   Thumb Code   138  bq76940.o(i.BQ76940_Read_Current)
    BQ76940_Read_Pack_Voltage                0x080019f1   Thumb Code    90  bq76940.o(i.BQ76940_Read_Pack_Voltage)
    BQ76940_Read_Status                      0x08001ab3   Thumb Code    10  bq76940.o(i.BQ76940_Read_Status)
    BQ76940_Read_Temperature                 0x08001abd   Thumb Code   206  bq76940.o(i.BQ76940_Read_Temperature)
    BusFault_Handler                         0x08001c51   Thumb Code     4  stm32f10x_it.o(i.BusFault_Handler)
    Comm_Init                                0x08001ce9   Thumb Code    42  communicate.o(i.Comm_Init)
    Comm_On1msTick                           0x08001d31   Thumb Code    12  communicate.o(i.Comm_On1msTick)
    Comm_PeriodicTask                        0x08001d41   Thumb Code    56  communicate.o(i.Comm_PeriodicTask)
    Comm_RxCallback                          0x08001d89   Thumb Code    46  communicate.o(i.Comm_RxCallback)
    Comm_SetStreamInterval                   0x08001dc9   Thumb Code    24  communicate.o(i.Comm_SetStreamInterval)
    DebugMon_Handler                         0x08001de9   Thumb Code     2  stm32f10x_it.o(i.DebugMon_Handler)
    Delay_Init                               0x08001e55   Thumb Code     8  delay.o(i.Delay_Init)
    Delay_ms                                 0x08001e5d   Thumb Code    60  delay.o(i.Delay_ms)
    Delay_us                                 0x08001e99   Thumb Code   100  delay.o(i.Delay_us)
    GPIO_Init                                0x08001f11   Thumb Code   278  stm32f10x_gpio.o(i.GPIO_Init)
    GPIO_PinRemapConfig                      0x08002029   Thumb Code   138  stm32f10x_gpio.o(i.GPIO_PinRemapConfig)
    GPIO_ReadInputDataBit                    0x080020b9   Thumb Code    18  stm32f10x_gpio.o(i.GPIO_ReadInputDataBit)
    GPIO_ResetBits                           0x080020cb   Thumb Code     4  stm32f10x_gpio.o(i.GPIO_ResetBits)
    GPIO_SetBits                             0x080020cf   Thumb Code     4  stm32f10x_gpio.o(i.GPIO_SetBits)
    GPIO_WriteBit                            0x080020d3   Thumb Code    10  stm32f10x_gpio.o(i.GPIO_WriteBit)
    HardFault_Handler                        0x080022d9   Thumb Code     4  stm32f10x_it.o(i.HardFault_Handler)
    IIC_Ack                                  0x080022dd   Thumb Code    60  iic.o(i.IIC_Ack)
    IIC_Init                                 0x0800231d   Thumb Code    88  iic.o(i.IIC_Init)
    IIC_NAck                                 0x08002379   Thumb Code    66  iic.o(i.IIC_NAck)
    IIC_Read_Byte                            0x080023c1   Thumb Code   100  iic.o(i.IIC_Read_Byte)
    IIC_Start                                0x08002471   Thumb Code    60  iic.o(i.IIC_Start)
    IIC_Stop                                 0x080024b1   Thumb Code    66  iic.o(i.IIC_Stop)
    IIC_Wait_Ack                             0x080024f9   Thumb Code    92  iic.o(i.IIC_Wait_Ack)
    IIC_Write_Byte                           0x08002559   Thumb Code   102  iic.o(i.IIC_Write_Byte)
    IWDG_Enable                              0x080025c5   Thumb Code    10  stm32f10x_iwdg.o(i.IWDG_Enable)
    IWDG_ReloadCounter                       0x080025d5   Thumb Code    10  stm32f10x_iwdg.o(i.IWDG_ReloadCounter)
    IWDG_SetPrescaler                        0x080025e5   Thumb Code     6  stm32f10x_iwdg.o(i.IWDG_SetPrescaler)
    IWDG_SetReload                           0x080025f1   Thumb Code     6  stm32f10x_iwdg.o(i.IWDG_SetReload)
    IWDG_WriteAccessCmd                      0x080025fd   Thumb Code     6  stm32f10x_iwdg.o(i.IWDG_WriteAccessCmd)
    LED_Init                                 0x08002609   Thumb Code    56  led.o(i.LED_Init)
    LED_TOGGLE                               0x08002649   Thumb Code    38  led.o(i.LED_TOGGLE)
    MemManage_Handler                        0x08002687   Thumb Code     4  stm32f10x_it.o(i.MemManage_Handler)
    NMI_Handler                              0x0800268b   Thumb Code     2  stm32f10x_it.o(i.NMI_Handler)
    NVIC_Init                                0x0800268d   Thumb Code   100  misc.o(i.NVIC_Init)
    NVIC_PriorityGroupConfig                 0x080026fd   Thumb Code    10  misc.o(i.NVIC_PriorityGroupConfig)
    NvicConfig                               0x08002711   Thumb Code    72  nvic.o(i.NvicConfig)
    RCC_APB1PeriphClockCmd                   0x08002905   Thumb Code    26  stm32f10x_rcc.o(i.RCC_APB1PeriphClockCmd)
    RCC_APB2PeriphClockCmd                   0x08002925   Thumb Code    26  stm32f10x_rcc.o(i.RCC_APB2PeriphClockCmd)
    RCC_GetClocksFreq                        0x08002945   Thumb Code   192  stm32f10x_rcc.o(i.RCC_GetClocksFreq)
    RCC_GetFlagStatus                        0x08002a19   Thumb Code    56  stm32f10x_rcc.o(i.RCC_GetFlagStatus)
    RCC_LSICmd                               0x08002a55   Thumb Code     6  stm32f10x_rcc.o(i.RCC_LSICmd)
    SendFrame                                0x08002a79   Thumb Code   164  communicate.o(i.SendFrame)
    SysTick_Handler                          0x08002e21   Thumb Code    46  port.o(i.SysTick_Handler)
    SystemCoreClockUpdate                    0x08002e55   Thumb Code   142  system_stm32f10x.o(i.SystemCoreClockUpdate)
    SystemInit                               0x08002ef9   Thumb Code    78  system_stm32f10x.o(i.SystemInit)
    TIM4_IRQHandler                          0x08002f59   Thumb Code    26  stm32f10x_it.o(i.TIM4_IRQHandler)
    TIM_ClearITPendingBit                    0x08002f79   Thumb Code     6  stm32f10x_tim.o(i.TIM_ClearITPendingBit)
    TIM_Cmd                                  0x08002f7f   Thumb Code    24  stm32f10x_tim.o(i.TIM_Cmd)
    TIM_GetITStatus                          0x08002f97   Thumb Code    34  stm32f10x_tim.o(i.TIM_GetITStatus)
    TIM_ITConfig                             0x08002fb9   Thumb Code    18  stm32f10x_tim.o(i.TIM_ITConfig)
    TIM_Init                                 0x08002fcd   Thumb Code    62  tim.o(i.TIM_Init)
    TIM_TimeBaseInit                         0x08003011   Thumb Code   122  stm32f10x_tim.o(i.TIM_TimeBaseInit)
    USART1_IRQHandler                        0x080030b5   Thumb Code    32  stm32f10x_it.o(i.USART1_IRQHandler)
    USART_Cmd                                0x080030d9   Thumb Code    24  stm32f10x_usart.o(i.USART_Cmd)
    USART_GetFlagStatus                      0x080030f1   Thumb Code    26  stm32f10x_usart.o(i.USART_GetFlagStatus)
    USART_GetITStatus                        0x0800310b   Thumb Code    84  stm32f10x_usart.o(i.USART_GetITStatus)
    USART_ITConfig                           0x0800315f   Thumb Code    74  stm32f10x_usart.o(i.USART_ITConfig)
    USART_Init                               0x080031a9   Thumb Code   210  stm32f10x_usart.o(i.USART_Init)
    USART_ReceiveData                        0x08003281   Thumb Code    10  stm32f10x_usart.o(i.USART_ReceiveData)
    USART_SendData                           0x0800328b   Thumb Code     8  stm32f10x_usart.o(i.USART_SendData)
    USART_init                               0x08003295   Thumb Code   136  usart.o(i.USART_init)
    UsageFault_Handler                       0x08003325   Thumb Code     4  stm32f10x_it.o(i.UsageFault_Handler)
    WAKE_ALL_DEVICE                          0x08003329   Thumb Code    32  bq76940.o(i.WAKE_ALL_DEVICE)
    Watchdog_Init                            0x0800334d   Thumb Code    84  watchdog.o(i.Watchdog_Init)
    Watchdog_Kick                            0x080033a1   Thumb Code     8  watchdog.o(i.Watchdog_Kick)
    Watchdog_ServiceInit                     0x080033a9   Thumb Code    44  watchdog.o(i.Watchdog_ServiceInit)
    __mathlib_flt_divzero                    0x08003433   Thumb Code    10  funder.o(i.__mathlib_flt_divzero)
    __mathlib_flt_infnan                     0x0800343d   Thumb Code     6  funder.o(i.__mathlib_flt_infnan)
    __mathlib_flt_invalid                    0x08003443   Thumb Code     8  funder.o(i.__mathlib_flt_invalid)
    __scatterload_copy                       0x0800344b   Thumb Code    14  handlers.o(i.__scatterload_copy)
    __scatterload_null                       0x08003459   Thumb Code     2  handlers.o(i.__scatterload_null)
    __scatterload_zeroinit                   0x0800345b   Thumb Code    14  handlers.o(i.__scatterload_zeroinit)
    __set_errno                              0x08003469   Thumb Code     6  errno.o(i.__set_errno)
    get_tick                                 0x0800353d   Thumb Code    22  communicate.o(i.get_tick)
    __mathlib_logf                           0x08003579   Thumb Code     0  logf.o(i.logf)
    logf                                     0x08003579   Thumb Code   362  logf.o(i.logf)
    main                                     0x08003709   Thumb Code   114  main.o(i.main)
    pvPortMalloc                             0x08004065   Thumb Code   188  heap_4.o(i.pvPortMalloc)
    pvTaskIncrementMutexHeldCount            0x08004135   Thumb Code    26  tasks.o(i.pvTaskIncrementMutexHeldCount)
    pxPortInitialiseStack                    0x08004155   Thumb Code    30  port.o(i.pxPortInitialiseStack)
    usart_send                               0x0800418d   Thumb Code    56  usart.o(i.usart_send)
    uxListRemove                             0x080041c9   Thumb Code    40  list.o(i.uxListRemove)
    uxTaskResetEventItemValue                0x080041f1   Thumb Code    24  tasks.o(i.uxTaskResetEventItemValue)
    vListInitialise                          0x0800420d   Thumb Code    26  list.o(i.vListInitialise)
    vListInitialiseItem                      0x08004227   Thumb Code     6  list.o(i.vListInitialiseItem)
    vListInsert                              0x0800422d   Thumb Code    52  list.o(i.vListInsert)
    vListInsertEnd                           0x08004261   Thumb Code    24  list.o(i.vListInsertEnd)
    vPortEnterCritical                       0x08004279   Thumb Code    30  port.o(i.vPortEnterCritical)
    vPortExitCritical                        0x0800429d   Thumb Code    28  port.o(i.vPortExitCritical)
    vPortFree                                0x080042bd   Thumb Code    64  heap_4.o(i.vPortFree)
    vPortSetupTimerInterrupt                 0x08004305   Thumb Code    14  port.o(i.vPortSetupTimerInterrupt)
    vQueueWaitForMessageRestricted           0x08004319   Thumb Code    74  queue.o(i.vQueueWaitForMessageRestricted)
    vTaskDelay                               0x08004365   Thumb Code    46  tasks.o(i.vTaskDelay)
    vTaskDelayUntil                          0x08004399   Thumb Code   106  tasks.o(i.vTaskDelayUntil)
    vTaskMissedYield                         0x0800440d   Thumb Code     8  tasks.o(i.vTaskMissedYield)
    vTaskPlaceOnEventList                    0x08004419   Thumb Code    28  tasks.o(i.vTaskPlaceOnEventList)
    vTaskPlaceOnEventListRestricted          0x08004439   Thumb Code    36  tasks.o(i.vTaskPlaceOnEventListRestricted)
    vTaskPlaceOnUnorderedEventList           0x08004461   Thumb Code    40  tasks.o(i.vTaskPlaceOnUnorderedEventList)
    vTaskPriorityInherit                     0x0800448d   Thumb Code   164  tasks.o(i.vTaskPriorityInherit)
    vTaskSetTimeOutState                     0x0800453d   Thumb Code    14  tasks.o(i.vTaskSetTimeOutState)
    vTaskStartScheduler                      0x08004555   Thumb Code    82  tasks.o(i.vTaskStartScheduler)
    vTaskSuspendAll                          0x080045c5   Thumb Code    12  tasks.o(i.vTaskSuspendAll)
    vTaskSwitchContext                       0x080045d5   Thumb Code    76  tasks.o(i.vTaskSwitchContext)
    xEventGroupCreate                        0x08004635   Thumb Code    26  event_groups.o(i.xEventGroupCreate)
    xEventGroupSetBits                       0x0800464f   Thumb Code   146  event_groups.o(i.xEventGroupSetBits)
    xEventGroupWaitBits                      0x080046e1   Thumb Code   194  event_groups.o(i.xEventGroupWaitBits)
    xPortStartScheduler                      0x080047a9   Thumb Code    42  port.o(i.xPortStartScheduler)
    xQueueCreateMutex                        0x080047dd   Thumb Code    34  queue.o(i.xQueueCreateMutex)
    xQueueGenericCreate                      0x080047ff   Thumb Code    56  queue.o(i.xQueueGenericCreate)
    xQueueGenericReceive                     0x08004839   Thumb Code   342  queue.o(i.xQueueGenericReceive)
    xQueueGenericReset                       0x08004995   Thumb Code   122  queue.o(i.xQueueGenericReset)
    xQueueGenericSend                        0x08004a15   Thumb Code   276  queue.o(i.xQueueGenericSend)
    xQueueGenericSendFromISR                 0x08004b2d   Thumb Code   134  queue.o(i.xQueueGenericSendFromISR)
    xTaskCheckForTimeOut                     0x08004bb5   Thumb Code    84  tasks.o(i.xTaskCheckForTimeOut)
    xTaskCreate                              0x08004c11   Thumb Code    96  tasks.o(i.xTaskCreate)
    xTaskGetSchedulerState                   0x08004c71   Thumb Code    24  tasks.o(i.xTaskGetSchedulerState)
    xTaskGetTickCount                        0x08004c91   Thumb Code     6  tasks.o(i.xTaskGetTickCount)
    xTaskIncrementTick                       0x08004c9d   Thumb Code   238  tasks.o(i.xTaskIncrementTick)
    xTaskPriorityDisinherit                  0x08004db9   Thumb Code   122  tasks.o(i.xTaskPriorityDisinherit)
    xTaskRemoveFromEventList                 0x08004e3d   Thumb Code   104  tasks.o(i.xTaskRemoveFromEventList)
    xTaskRemoveFromUnorderedEventList        0x08004ebd   Thumb Code    94  tasks.o(i.xTaskRemoveFromUnorderedEventList)
    xTaskResumeAll                           0x08004f2d   Thumb Code   196  tasks.o(i.xTaskResumeAll)
    xTimerCreateTimerTask                    0x08005015   Thumb Code    40  timers.o(i.xTimerCreateTimerTask)
    xTimerGenericCommand                     0x08005051   Thumb Code   102  timers.o(i.xTimerGenericCommand)
    Region$$Table$$Base                      0x08005168   Number         0  anon$$obj.o(Region$$Table)
    Region$$Table$$Limit                     0x08005188   Number         0  anon$$obj.o(Region$$Table)
    SystemCoreClock                          0x20000000   Data           4  system_stm32f10x.o(.data)
    AHBPrescTable                            0x20000004   Data          16  system_stm32f10x.o(.data)
    g_thresholds                             0x20000060   Data          20  bms_app.o(.data)
    pxCurrentTCB                             0x20000098   Data           4  tasks.o(.data)
    __initial_sp                             0x20004d58   Data           0  startup_stm32f10x_md.o(STACK)



==============================================================================

Memory Map of the image

  Image Entry point : 0x080000ed

  Load Region LR_IROM1 (Base: 0x08000000, Size: 0x00005274, Max: 0x00010000, ABSOLUTE)

    Execution Region ER_IROM1 (Exec base: 0x08000000, Load base: 0x08000000, Size: 0x00005188, Max: 0x00010000, ABSOLUTE)

    Exec Addr    Load Addr    Size         Type   Attr      Idx    E Section Name        Object

    0x08000000   0x08000000   0x000000ec   Data   RO          188    RESET               startup_stm32f10x_md.o
    0x080000ec   0x080000ec   0x00000000   Code   RO         4789  * .ARM.Collect$$$$00000000  mc_w.l(entry.o)
    0x080000ec   0x080000ec   0x00000004   Code   RO         4830    .ARM.Collect$$$$00000001  mc_w.l(entry2.o)
    0x080000f0   0x080000f0   0x00000004   Code   RO         4833    .ARM.Collect$$$$00000004  mc_w.l(entry5.o)
    0x080000f4   0x080000f4   0x00000000   Code   RO         4835    .ARM.Collect$$$$00000008  mc_w.l(entry7b.o)
    0x080000f4   0x080000f4   0x00000000   Code   RO         4837    .ARM.Collect$$$$0000000A  mc_w.l(entry8b.o)
    0x080000f4   0x080000f4   0x00000008   Code   RO         4838    .ARM.Collect$$$$0000000B  mc_w.l(entry9a.o)
    0x080000fc   0x080000fc   0x00000004   Code   RO         4845    .ARM.Collect$$$$0000000E  mc_w.l(entry12b.o)
    0x08000100   0x08000100   0x00000000   Code   RO         4840    .ARM.Collect$$$$0000000F  mc_w.l(entry10a.o)
    0x08000100   0x08000100   0x00000000   Code   RO         4842    .ARM.Collect$$$$00000011  mc_w.l(entry11a.o)
    0x08000100   0x08000100   0x00000004   Code   RO         4831    .ARM.Collect$$$$00002712  mc_w.l(entry2.o)
    0x08000104   0x08000104   0x00000096   Code   RO         4014    .emb_text           port.o
    0x0800019a   0x0800019a   0x00000002   PAD
    0x0800019c   0x0800019c   0x00000024   Code   RO          189    .text               startup_stm32f10x_md.o
    0x080001c0   0x080001c0   0x00000024   Code   RO         4792    .text               mc_w.l(memcpya.o)
    0x080001e4   0x080001e4   0x00000024   Code   RO         4794    .text               mc_w.l(memseta.o)
    0x08000208   0x08000208   0x000000b0   Code   RO         4798    .text               mf_w.l(fadd.o)
    0x080002b8   0x080002b8   0x00000064   Code   RO         4800    .text               mf_w.l(fmul.o)
    0x0800031c   0x0800031c   0x0000007c   Code   RO         4802    .text               mf_w.l(fdiv.o)
    0x08000398   0x08000398   0x00000012   Code   RO         4804    .text               mf_w.l(fflti.o)
    0x080003aa   0x080003aa   0x0000000a   Code   RO         4806    .text               mf_w.l(ffltui.o)
    0x080003b4   0x080003b4   0x00000032   Code   RO         4808    .text               mf_w.l(ffixi.o)
    0x080003e6   0x080003e6   0x00000028   Code   RO         4810    .text               mf_w.l(ffixui.o)
    0x0800040e   0x0800040e   0x00000002   PAD
    0x08000410   0x08000410   0x00000014   Code   RO         4812    .text               mf_w.l(cfcmple.o)
    0x08000424   0x08000424   0x00000014   Code   RO         4814    .text               mf_w.l(cfrcmple.o)
    0x08000438   0x08000438   0x00000000   Code   RO         4853    .text               mc_w.l(iusefp.o)
    0x08000438   0x08000438   0x0000006e   Code   RO         4854    .text               mf_w.l(fepilogue.o)
    0x080004a6   0x080004a6   0x00000018   Code   RO         4856    .text               mf_w.l(fscalb.o)
    0x080004be   0x080004be   0x00000002   PAD
    0x080004c0   0x080004c0   0x00000024   Code   RO         4858    .text               mc_w.l(init.o)
    0x080004e4   0x080004e4   0x000001a0   Code   RO         3808    i.BMS_AppInit       bms_app.o
    0x08000684   0x08000684   0x00000066   Code   RO         3809    i.BMS_BuildFaultMask  bms_app.o
    0x080006ea   0x080006ea   0x00000002   PAD
    0x080006ec   0x080006ec   0x000000bc   Code   RO         3810    i.BMS_GetTelemetry  bms_app.o
    0x080007a8   0x080007a8   0x00000024   Code   RO         3811    i.BMS_LockBQ        bms_app.o
    0x080007cc   0x080007cc   0x00000024   Code   RO         3812    i.BMS_LockState     bms_app.o
    0x080007f0   0x080007f0   0x00000034   Code   RO         3813    i.BMS_RequestChargeEnable  bms_app.o
    0x08000824   0x08000824   0x00000034   Code   RO         3814    i.BMS_RequestDischargeEnable  bms_app.o
    0x08000858   0x08000858   0x000000ec   Code   RO         3815    i.BMS_SetThresholds  bms_app.o
    0x08000944   0x08000944   0x0000013c   Code   RO         3816    i.BMS_Task_Balance  bms_app.o
    0x08000a80   0x08000a80   0x000001bc   Code   RO         3817    i.BMS_Task_Control  bms_app.o
    0x08000c3c   0x08000c3c   0x000002bc   Code   RO         3818    i.BMS_Task_Fault    bms_app.o
    0x08000ef8   0x08000ef8   0x00000220   Code   RO         3819    i.BMS_Task_Measure  bms_app.o
    0x08001118   0x08001118   0x00000438   Code   RO         3820    i.BMS_Task_SOC      bms_app.o
    0x08001550   0x08001550   0x00000018   Code   RO         3821    i.BMS_UnlockBQ      bms_app.o
    0x08001568   0x08001568   0x00000018   Code   RO         3822    i.BMS_UnlockState   bms_app.o
    0x08001580   0x08001580   0x0000003a   Code   RO         3502    i.BQ76940_CRC8      bq76940.o
    0x080015ba   0x080015ba   0x00000002   PAD
    0x080015bc   0x080015bc   0x000000a0   Code   RO         3503    i.BQ76940_Calculate_SOC  bq76940.o
    0x0800165c   0x0800165c   0x00000024   Code   RO         3504    i.BQ76940_Cell_Present_Count  bq76940.o
    0x08001680   0x08001680   0x0000000c   Code   RO         3505    i.BQ76940_Clear_Status  bq76940.o
    0x0800168c   0x0800168c   0x0000001c   Code   RO         3506    i.BQ76940_Disable_All_Balance  bq76940.o
    0x080016a8   0x080016a8   0x00000068   Code   RO         3507    i.BQ76940_Enable_Balance  bq76940.o
    0x08001710   0x08001710   0x00000048   Code   RO         3508    i.BQ76940_Enable_CHG  bq76940.o
    0x08001758   0x08001758   0x00000048   Code   RO         3510    i.BQ76940_Enable_DSG  bq76940.o
    0x080017a0   0x080017a0   0x00000020   Code   RO         3511    i.BQ76940_Get_CHG_DSG_Status  bq76940.o
    0x080017c0   0x080017c0   0x00000050   Code   RO         3512    i.BQ76940_Init      bq76940.o
    0x08001810   0x08001810   0x0000002c   Code   RO         3513    i.BQ76940_RCC       bq76940.o
    0x0800183c   0x0800183c   0x00000088   Code   RO         3514    i.BQ76940_Read_All_Data  bq76940.o
    0x080018c4   0x080018c4   0x00000094   Code   RO         3515    i.BQ76940_Read_Cell_Voltage  bq76940.o
    0x08001958   0x08001958   0x00000098   Code   RO         3516    i.BQ76940_Read_Current  bq76940.o
    0x080019f0   0x080019f0   0x00000064   Code   RO         3517    i.BQ76940_Read_Pack_Voltage  bq76940.o
    0x08001a54   0x08001a54   0x0000005e   Code   RO         3518    i.BQ76940_Read_Reg  bq76940.o
    0x08001ab2   0x08001ab2   0x0000000a   Code   RO         3519    i.BQ76940_Read_Status  bq76940.o
    0x08001abc   0x08001abc   0x000000ec   Code   RO         3520    i.BQ76940_Read_Temperature  bq76940.o
    0x08001ba8   0x08001ba8   0x0000007a   Code   RO         3522    i.BQ76940_Write_Reg  bq76940.o
    0x08001c22   0x08001c22   0x00000002   PAD
    0x08001c24   0x08001c24   0x0000002c   Code   RO         3523    i.BQ_First_Config   bq76940.o
    0x08001c50   0x08001c50   0x00000004   Code   RO          193    i.BusFault_Handler  stm32f10x_it.o
    0x08001c54   0x08001c54   0x0000003a   Code   RO         3681    i.CRC16_IBM         communicate.o
    0x08001c8e   0x08001c8e   0x0000004a   Code   RO         3682    i.CRC16_IBM_from_ring  communicate.o
    0x08001cd8   0x08001cd8   0x00000010   Code   RO            1    i.CommTask          main.o
    0x08001ce8   0x08001ce8   0x00000048   Code   RO         3684    i.Comm_Init         communicate.o
    0x08001d30   0x08001d30   0x00000010   Code   RO         3686    i.Comm_On1msTick    communicate.o
    0x08001d40   0x08001d40   0x00000048   Code   RO         3687    i.Comm_PeriodicTask  communicate.o
    0x08001d88   0x08001d88   0x00000040   Code   RO         3688    i.Comm_RxCallback   communicate.o
    0x08001dc8   0x08001dc8   0x00000020   Code   RO         3689    i.Comm_SetStreamInterval  communicate.o
    0x08001de8   0x08001de8   0x00000002   Code   RO          194    i.DebugMon_Handler  stm32f10x_it.o
    0x08001dea   0x08001dea   0x00000002   PAD
    0x08001dec   0x08001dec   0x00000068   Code   RO         3277    i.Delay_DWT_Init    delay.o
    0x08001e54   0x08001e54   0x00000008   Code   RO         3278    i.Delay_Init        delay.o
    0x08001e5c   0x08001e5c   0x0000003c   Code   RO         3279    i.Delay_ms          delay.o
    0x08001e98   0x08001e98   0x00000078   Code   RO         3281    i.Delay_us          delay.o
    0x08001f10   0x08001f10   0x00000116   Code   RO         1461    i.GPIO_Init         stm32f10x_gpio.o
    0x08002026   0x08002026   0x00000002   PAD
    0x08002028   0x08002028   0x00000090   Code   RO         1463    i.GPIO_PinRemapConfig  stm32f10x_gpio.o
    0x080020b8   0x080020b8   0x00000012   Code   RO         1465    i.GPIO_ReadInputDataBit  stm32f10x_gpio.o
    0x080020ca   0x080020ca   0x00000004   Code   RO         1468    i.GPIO_ResetBits    stm32f10x_gpio.o
    0x080020ce   0x080020ce   0x00000004   Code   RO         1469    i.GPIO_SetBits      stm32f10x_gpio.o
    0x080020d2   0x080020d2   0x0000000a   Code   RO         1472    i.GPIO_WriteBit     stm32f10x_gpio.o
    0x080020dc   0x080020dc   0x00000050   Code   RO         3524    i.Get_offset_gain   bq76940.o
    0x0800212c   0x0800212c   0x000001ac   Code   RO         3690    i.HandleCommand     communicate.o
    0x080022d8   0x080022d8   0x00000004   Code   RO          195    i.HardFault_Handler  stm32f10x_it.o
    0x080022dc   0x080022dc   0x00000040   Code   RO         3341    i.IIC_Ack           iic.o
    0x0800231c   0x0800231c   0x0000005c   Code   RO         3342    i.IIC_Init          iic.o
    0x08002378   0x08002378   0x00000048   Code   RO         3343    i.IIC_NAck          iic.o
    0x080023c0   0x080023c0   0x00000068   Code   RO         3344    i.IIC_Read_Byte     iic.o
    0x08002428   0x08002428   0x00000024   Code   RO         3346    i.IIC_SDA_IN        iic.o
    0x0800244c   0x0800244c   0x00000024   Code   RO         3347    i.IIC_SDA_OUT       iic.o
    0x08002470   0x08002470   0x00000040   Code   RO         3348    i.IIC_Start         iic.o
    0x080024b0   0x080024b0   0x00000048   Code   RO         3349    i.IIC_Stop          iic.o
    0x080024f8   0x080024f8   0x00000060   Code   RO         3350    i.IIC_Wait_Ack      iic.o
    0x08002558   0x08002558   0x0000006c   Code   RO         3351    i.IIC_Write_Byte    iic.o
    0x080025c4   0x080025c4   0x00000010   Code   RO         1773    i.IWDG_Enable       stm32f10x_iwdg.o
    0x080025d4   0x080025d4   0x00000010   Code   RO         1775    i.IWDG_ReloadCounter  stm32f10x_iwdg.o
    0x080025e4   0x080025e4   0x0000000c   Code   RO         1776    i.IWDG_SetPrescaler  stm32f10x_iwdg.o
    0x080025f0   0x080025f0   0x0000000c   Code   RO         1777    i.IWDG_SetReload    stm32f10x_iwdg.o
    0x080025fc   0x080025fc   0x0000000c   Code   RO         1778    i.IWDG_WriteAccessCmd  stm32f10x_iwdg.o
    0x08002608   0x08002608   0x00000040   Code   RO         3417    i.LED_Init          led.o
    0x08002648   0x08002648   0x0000002c   Code   RO         3420    i.LED_TOGGLE        led.o
    0x08002674   0x08002674   0x00000012   Code   RO            2    i.LedTask           main.o
    0x08002686   0x08002686   0x00000004   Code   RO          196    i.MemManage_Handler  stm32f10x_it.o
    0x0800268a   0x0800268a   0x00000002   Code   RO          197    i.NMI_Handler       stm32f10x_it.o
    0x0800268c   0x0800268c   0x00000070   Code   RO          310    i.NVIC_Init         misc.o
    0x080026fc   0x080026fc   0x00000014   Code   RO          311    i.NVIC_PriorityGroupConfig  misc.o
    0x08002710   0x08002710   0x00000048   Code   RO         3450    i.NvicConfig        nvic.o
    0x08002758   0x08002758   0x00000014   Code   RO         3525    i.OCD_SCD_PROTECT   bq76940.o
    0x0800276c   0x0800276c   0x00000078   Code   RO         3526    i.OV_UV_PROTECT     bq76940.o
    0x080027e4   0x080027e4   0x00000120   Code   RO         3691    i.ParseRxBuffer     communicate.o
    0x08002904   0x08002904   0x00000020   Code   RO         1877    i.RCC_APB1PeriphClockCmd  stm32f10x_rcc.o
    0x08002924   0x08002924   0x00000020   Code   RO         1879    i.RCC_APB2PeriphClockCmd  stm32f10x_rcc.o
    0x08002944   0x08002944   0x000000d4   Code   RO         1887    i.RCC_GetClocksFreq  stm32f10x_rcc.o
    0x08002a18   0x08002a18   0x0000003c   Code   RO         1888    i.RCC_GetFlagStatus  stm32f10x_rcc.o
    0x08002a54   0x08002a54   0x0000000c   Code   RO         1896    i.RCC_LSICmd        stm32f10x_rcc.o
    0x08002a60   0x08002a60   0x00000016   Code   RO         3692    i.SendAck           communicate.o
    0x08002a76   0x08002a76   0x00000002   PAD
    0x08002a78   0x08002a78   0x000000a8   Code   RO         3693    i.SendFrame         communicate.o
    0x08002b20   0x08002b20   0x00000216   Code   RO         3694    i.SendTelemetry     communicate.o
    0x08002d36   0x08002d36   0x00000008   Code   RO          276    i.SetSysClock       system_stm32f10x.o
    0x08002d3e   0x08002d3e   0x00000002   PAD
    0x08002d40   0x08002d40   0x000000e0   Code   RO          277    i.SetSysClockTo72   system_stm32f10x.o
    0x08002e20   0x08002e20   0x00000034   Code   RO         4015    i.SysTick_Handler   port.o
    0x08002e54   0x08002e54   0x000000a4   Code   RO          278    i.SystemCoreClockUpdate  system_stm32f10x.o
    0x08002ef8   0x08002ef8   0x00000060   Code   RO          279    i.SystemInit        system_stm32f10x.o
    0x08002f58   0x08002f58   0x00000020   Code   RO          198    i.TIM4_IRQHandler   stm32f10x_it.o
    0x08002f78   0x08002f78   0x00000006   Code   RO         2506    i.TIM_ClearITPendingBit  stm32f10x_tim.o
    0x08002f7e   0x08002f7e   0x00000018   Code   RO         2511    i.TIM_Cmd           stm32f10x_tim.o
    0x08002f96   0x08002f96   0x00000022   Code   RO         2532    i.TIM_GetITStatus   stm32f10x_tim.o
    0x08002fb8   0x08002fb8   0x00000012   Code   RO         2536    i.TIM_ITConfig      stm32f10x_tim.o
    0x08002fca   0x08002fca   0x00000002   PAD
    0x08002fcc   0x08002fcc   0x00000044   Code   RO         3462    i.TIM_Init          tim.o
    0x08003010   0x08003010   0x000000a4   Code   RO         2582    i.TIM_TimeBaseInit  stm32f10x_tim.o
    0x080030b4   0x080030b4   0x00000024   Code   RO          199    i.USART1_IRQHandler  stm32f10x_it.o
    0x080030d8   0x080030d8   0x00000018   Code   RO         3047    i.USART_Cmd         stm32f10x_usart.o
    0x080030f0   0x080030f0   0x0000001a   Code   RO         3050    i.USART_GetFlagStatus  stm32f10x_usart.o
    0x0800310a   0x0800310a   0x00000054   Code   RO         3051    i.USART_GetITStatus  stm32f10x_usart.o
    0x0800315e   0x0800315e   0x0000004a   Code   RO         3053    i.USART_ITConfig    stm32f10x_usart.o
    0x080031a8   0x080031a8   0x000000d8   Code   RO         3054    i.USART_Init        stm32f10x_usart.o
    0x08003280   0x08003280   0x0000000a   Code   RO         3061    i.USART_ReceiveData  stm32f10x_usart.o
    0x0800328a   0x0800328a   0x00000008   Code   RO         3064    i.USART_SendData    stm32f10x_usart.o
    0x08003292   0x08003292   0x00000002   PAD
    0x08003294   0x08003294   0x00000090   Code   RO         3474    i.USART_init        usart.o
    0x08003324   0x08003324   0x00000004   Code   RO          200    i.UsageFault_Handler  stm32f10x_it.o
    0x08003328   0x08003328   0x00000024   Code   RO         3528    i.WAKE_ALL_DEVICE   bq76940.o
    0x0800334c   0x0800334c   0x00000054   Code   RO         3779    i.Watchdog_Init     watchdog.o
    0x080033a0   0x080033a0   0x00000008   Code   RO         3780    i.Watchdog_Kick     watchdog.o
    0x080033a8   0x080033a8   0x00000038   Code   RO         3781    i.Watchdog_ServiceInit  watchdog.o
    0x080033e0   0x080033e0   0x00000052   Code   RO         3782    i.Watchdog_Task     watchdog.o
    0x08003432   0x08003432   0x0000000a   Code   RO         4816    i.__mathlib_flt_divzero  m_ws.l(funder.o)
    0x0800343c   0x0800343c   0x00000006   Code   RO         4817    i.__mathlib_flt_infnan  m_ws.l(funder.o)
    0x08003442   0x08003442   0x00000008   Code   RO         4819    i.__mathlib_flt_invalid  m_ws.l(funder.o)
    0x0800344a   0x0800344a   0x0000000e   Code   RO         4862    i.__scatterload_copy  mc_w.l(handlers.o)
    0x08003458   0x08003458   0x00000002   Code   RO         4863    i.__scatterload_null  mc_w.l(handlers.o)
    0x0800345a   0x0800345a   0x0000000e   Code   RO         4864    i.__scatterload_zeroinit  mc_w.l(handlers.o)
    0x08003468   0x08003468   0x0000000c   Code   RO         4848    i.__set_errno       mc_w.l(errno.o)
    0x08003474   0x08003474   0x00000016   Code   RO         3823    i.clamp_cfg_i16     bms_app.o
    0x0800348a   0x0800348a   0x00000016   Code   RO         3824    i.clamp_cfg_u16     bms_app.o
    0x080034a0   0x080034a0   0x0000003c   Code   RO         3825    i.clamp_u16         bms_app.o
    0x080034dc   0x080034dc   0x00000038   Code   RO         3826    i.clamp_u8          bms_app.o
    0x08003514   0x08003514   0x00000028   Code   RO         3827    i.clampf_range      bms_app.o
    0x0800353c   0x0800353c   0x0000001c   Code   RO         3695    i.get_tick          communicate.o
    0x08003558   0x08003558   0x00000020   Code   RO         3529    i.is_cell_present   bq76940.o
    0x08003578   0x08003578   0x00000190   Code   RO         4780    i.logf              m_ws.l(logf.o)
    0x08003708   0x08003708   0x00000088   Code   RO            3    i.main              main.o
    0x08003790   0x08003790   0x00000098   Code   RO         4351    i.prvAddCurrentTaskToDelayedList  tasks.o
    0x08003828   0x08003828   0x000000b4   Code   RO         4352    i.prvAddNewTaskToReadyList  tasks.o
    0x080038dc   0x080038dc   0x0000004c   Code   RO         4661    i.prvCheckForValidListAndQueue  timers.o
    0x08003928   0x08003928   0x00000064   Code   RO         4353    i.prvCheckTasksWaitingTermination  tasks.o
    0x0800398c   0x0800398c   0x0000002a   Code   RO         4210    i.prvCopyDataFromQueue  queue.o
    0x080039b6   0x080039b6   0x0000007c   Code   RO         4211    i.prvCopyDataToQueue  queue.o
    0x08003a32   0x08003a32   0x00000012   Code   RO         4354    i.prvDeleteTCB      tasks.o
    0x08003a44   0x08003a44   0x00000028   Code   RO         4662    i.prvGetNextExpireTime  timers.o
    0x08003a6c   0x08003a6c   0x0000007c   Code   RO         3959    i.prvHeapInit       heap_4.o
    0x08003ae8   0x08003ae8   0x00000028   Code   RO         4355    i.prvIdleTask       tasks.o
    0x08003b10   0x08003b10   0x0000001c   Code   RO         4212    i.prvInitialiseMutex  queue.o
    0x08003b2c   0x08003b2c   0x00000026   Code   RO         4213    i.prvInitialiseNewQueue  queue.o
    0x08003b52   0x08003b52   0x00000086   Code   RO         4356    i.prvInitialiseNewTask  tasks.o
    0x08003bd8   0x08003bd8   0x00000068   Code   RO         4357    i.prvInitialiseTaskLists  tasks.o
    0x08003c40   0x08003c40   0x00000068   Code   RO         3960    i.prvInsertBlockIntoFreeList  heap_4.o
    0x08003ca8   0x08003ca8   0x00000058   Code   RO         4664    i.prvInsertTimerInActiveList  timers.o
    0x08003d00   0x08003d00   0x0000001a   Code   RO         4214    i.prvIsQueueEmpty   queue.o
    0x08003d1a   0x08003d1a   0x0000001e   Code   RO         4215    i.prvIsQueueFull    queue.o
    0x08003d38   0x08003d38   0x0000004c   Code   RO         4665    i.prvProcessExpiredTimer  timers.o
    0x08003d84   0x08003d84   0x000000bc   Code   RO         4666    i.prvProcessReceivedCommands  timers.o
    0x08003e40   0x08003e40   0x00000074   Code   RO         4667    i.prvProcessTimerOrBlockTask  timers.o
    0x08003eb4   0x08003eb4   0x00000034   Code   RO         4358    i.prvResetNextTaskUnblockTime  tasks.o
    0x08003ee8   0x08003ee8   0x0000002c   Code   RO         4668    i.prvSampleTimeNow  timers.o
    0x08003f14   0x08003f14   0x00000084   Code   RO         4669    i.prvSwitchTimerLists  timers.o
    0x08003f98   0x08003f98   0x00000016   Code   RO         4016    i.prvTaskExitError  port.o
    0x08003fae   0x08003fae   0x0000001e   Code   RO         4094    i.prvTestWaitCondition  event_groups.o
    0x08003fcc   0x08003fcc   0x0000001a   Code   RO         4670    i.prvTimerTask      timers.o
    0x08003fe6   0x08003fe6   0x0000007e   Code   RO         4216    i.prvUnlockQueue    queue.o
    0x08004064   0x08004064   0x000000d0   Code   RO         3961    i.pvPortMalloc      heap_4.o
    0x08004134   0x08004134   0x00000020   Code   RO         4360    i.pvTaskIncrementMutexHeldCount  tasks.o
    0x08004154   0x08004154   0x00000024   Code   RO         4017    i.pxPortInitialiseStack  port.o
    0x08004178   0x08004178   0x00000014   Code   RO         3696    i.ring_peek         communicate.o
    0x0800418c   0x0800418c   0x0000003c   Code   RO         3476    i.usart_send        usart.o
    0x080041c8   0x080041c8   0x00000028   Code   RO         4174    i.uxListRemove      list.o
    0x080041f0   0x080041f0   0x0000001c   Code   RO         4365    i.uxTaskResetEventItemValue  tasks.o
    0x0800420c   0x0800420c   0x0000001a   Code   RO         4175    i.vListInitialise   list.o
    0x08004226   0x08004226   0x00000006   Code   RO         4176    i.vListInitialiseItem  list.o
    0x0800422c   0x0800422c   0x00000034   Code   RO         4177    i.vListInsert       list.o
    0x08004260   0x08004260   0x00000018   Code   RO         4178    i.vListInsertEnd    list.o
    0x08004278   0x08004278   0x00000024   Code   RO         4019    i.vPortEnterCritical  port.o
    0x0800429c   0x0800429c   0x00000020   Code   RO         4020    i.vPortExitCritical  port.o
    0x080042bc   0x080042bc   0x00000048   Code   RO         3962    i.vPortFree         heap_4.o
    0x08004304   0x08004304   0x00000014   Code   RO         4021    i.vPortSetupTimerInterrupt  port.o
    0x08004318   0x08004318   0x0000004a   Code   RO         4221    i.vQueueWaitForMessageRestricted  queue.o
    0x08004362   0x08004362   0x00000002   PAD
    0x08004364   0x08004364   0x00000034   Code   RO         4366    i.vTaskDelay        tasks.o
    0x08004398   0x08004398   0x00000074   Code   RO         4367    i.vTaskDelayUntil   tasks.o
    0x0800440c   0x0800440c   0x0000000c   Code   RO         4370    i.vTaskMissedYield  tasks.o
    0x08004418   0x08004418   0x00000020   Code   RO         4372    i.vTaskPlaceOnEventList  tasks.o
    0x08004438   0x08004438   0x00000028   Code   RO         4373    i.vTaskPlaceOnEventListRestricted  tasks.o
    0x08004460   0x08004460   0x0000002c   Code   RO         4374    i.vTaskPlaceOnUnorderedEventList  tasks.o
    0x0800448c   0x0800448c   0x000000b0   Code   RO         4375    i.vTaskPriorityInherit  tasks.o
    0x0800453c   0x0800453c   0x00000018   Code   RO         4378    i.vTaskSetTimeOutState  tasks.o
    0x08004554   0x08004554   0x00000070   Code   RO         4379    i.vTaskStartScheduler  tasks.o
    0x080045c4   0x080045c4   0x00000010   Code   RO         4381    i.vTaskSuspendAll   tasks.o
    0x080045d4   0x080045d4   0x00000060   Code   RO         4382    i.vTaskSwitchContext  tasks.o
    0x08004634   0x08004634   0x0000001a   Code   RO         4099    i.xEventGroupCreate  event_groups.o
    0x0800464e   0x0800464e   0x00000092   Code   RO         4101    i.xEventGroupSetBits  event_groups.o
    0x080046e0   0x080046e0   0x000000c8   Code   RO         4103    i.xEventGroupWaitBits  event_groups.o
    0x080047a8   0x080047a8   0x00000034   Code   RO         4022    i.xPortStartScheduler  port.o
    0x080047dc   0x080047dc   0x00000022   Code   RO         4222    i.xQueueCreateMutex  queue.o
    0x080047fe   0x080047fe   0x00000038   Code   RO         4223    i.xQueueGenericCreate  queue.o
    0x08004836   0x08004836   0x00000002   PAD
    0x08004838   0x08004838   0x0000015c   Code   RO         4224    i.xQueueGenericReceive  queue.o
    0x08004994   0x08004994   0x00000080   Code   RO         4225    i.xQueueGenericReset  queue.o
    0x08004a14   0x08004a14   0x00000118   Code   RO         4226    i.xQueueGenericSend  queue.o
    0x08004b2c   0x08004b2c   0x00000086   Code   RO         4227    i.xQueueGenericSendFromISR  queue.o
    0x08004bb2   0x08004bb2   0x00000002   PAD
    0x08004bb4   0x08004bb4   0x0000005c   Code   RO         4383    i.xTaskCheckForTimeOut  tasks.o
    0x08004c10   0x08004c10   0x00000060   Code   RO         4384    i.xTaskCreate       tasks.o
    0x08004c70   0x08004c70   0x00000020   Code   RO         4388    i.xTaskGetSchedulerState  tasks.o
    0x08004c90   0x08004c90   0x0000000c   Code   RO         4389    i.xTaskGetTickCount  tasks.o
    0x08004c9c   0x08004c9c   0x0000011c   Code   RO         4391    i.xTaskIncrementTick  tasks.o
    0x08004db8   0x08004db8   0x00000084   Code   RO         4394    i.xTaskPriorityDisinherit  tasks.o
    0x08004e3c   0x08004e3c   0x00000080   Code   RO         4395    i.xTaskRemoveFromEventList  tasks.o
    0x08004ebc   0x08004ebc   0x00000070   Code   RO         4396    i.xTaskRemoveFromUnorderedEventList  tasks.o
    0x08004f2c   0x08004f2c   0x000000e8   Code   RO         4397    i.xTaskResumeAll    tasks.o
    0x08005014   0x08005014   0x0000003c   Code   RO         4674    i.xTimerCreateTimerTask  timers.o
    0x08005050   0x08005050   0x0000006c   Code   RO         4675    i.xTimerGenericCommand  timers.o
    0x080050bc   0x080050bc   0x0000006c   Data   RO         3530    .constdata          bq76940.o
    0x08005128   0x08005128   0x00000040   Data   RO         4781    .constdata          m_ws.l(logf.o)
    0x08005168   0x08005168   0x00000020   Data   RO         4860    Region$$Table       anon$$obj.o


    Execution Region RW_IRAM1 (Exec base: 0x20000000, Load base: 0x08005188, Size: 0x00004d58, Max: 0x00005000, ABSOLUTE)

    Exec Addr    Load Addr    Size         Type   Attr      Idx    E Section Name        Object

    0x20000000   0x08005188   0x00000014   Data   RW          280    .data               system_stm32f10x.o
    0x20000014   0x0800519c   0x00000014   Data   RW         1907    .data               stm32f10x_rcc.o
    0x20000028   0x080051b0   0x00000005   Data   RW         3282    .data               delay.o
    0x2000002d   0x080051b5   0x00000003   PAD
    0x20000030   0x080051b8   0x0000000e   Data   RW         3531    .data               bq76940.o
    0x2000003e   0x080051c6   0x00000002   PAD
    0x20000040   0x080051c8   0x00000014   Data   RW         3698    .data               communicate.o
    0x20000054   0x080051dc   0x00000026   Data   RW         3829    .data               bms_app.o
    0x2000007a   0x08005202   0x00000002   PAD
    0x2000007c   0x08005204   0x00000018   Data   RW         3967    .data               heap_4.o
    0x20000094   0x0800521c   0x00000004   Data   RW         4023    .data               port.o
    0x20000098   0x08005220   0x0000003c   Data   RW         4400    .data               tasks.o
    0x200000d4   0x0800525c   0x00000014   Data   RW         4681    .data               timers.o
    0x200000e8   0x08005270   0x00000004   Data   RW         4849    .data               mc_w.l(errno.o)
    0x200000ec        -       0x000002e4   Zero   RW         3697    .bss                communicate.o
    0x200003d0        -       0x00000092   Zero   RW         3828    .bss                bms_app.o
    0x20000462        -       0x00004400   Zero   RW         3966    .bss                heap_4.o
    0x20004862   0x08005274   0x00000002   PAD
    0x20004864        -       0x000000c8   Zero   RW         4399    .bss                tasks.o
    0x2000492c        -       0x00000028   Zero   RW         4680    .bss                timers.o
    0x20004954   0x08005274   0x00000004   PAD
    0x20004958        -       0x00000400   Zero   RW          186    STACK               startup_stm32f10x_md.o


==============================================================================

Image component sizes


      Code (inc. data)   RO Data    RW Data    ZI Data      Debug   Object Name

      4450        294          0         38        146      28584   bms_app.o
      2028        118        108         14          0      15996   bq76940.o
      1876        116          0         20        740      10775   communicate.o
         0          0          0          0          0         32   core_cm3.o
       292         44          0          5          0       2755   delay.o
       402          6          0          0          0      12591   event_groups.o
       508         62          0         24      17408       3611   heap_4.o
       744         46          0          0          0       4707   iic.o
       108         14          0          0          0       2344   led.o
       148          0          0          0          0       2842   list.o
       170         22          0          0          0     270470   main.o
       132         22          0          0          0       1431   misc.o
        72          0          0          0          0        469   nvic.o
       400         50          0          4          0       8808   port.o
      1468         16          0          0          0      11546   queue.o
        36          8        236          0       1024        760   startup_stm32f10x_md.o
       458          6          0          0          0       4842   stm32f10x_gpio.o
        88         10          0          0          0       3435   stm32f10x_it.o
        68         30          0          0          0       2310   stm32f10x_iwdg.o
       348         42          0         20          0       5375   stm32f10x_rcc.o
       246         42          0          0          0       3350   stm32f10x_tim.o
       442          6          0          0          0       5901   stm32f10x_usart.o
       492         50          0         20          0       2681   system_stm32f10x.o
      2680        398          0         60        200      29160   tasks.o
        68          6          0          0          0        459   tim.o
       954        106          0         20         40       7827   timers.o
       204         12          0          0          0       1530   usart.o
       230         12          0          0          0       2567   watchdog.o

    ----------------------------------------------------------------------
     19138       1538        376        232      19564     447158   Object Totals
         0          0         32          0          0          0   (incl. Generated)
        26          0          0          7          6          0   (incl. Padding)

    ----------------------------------------------------------------------

      Code (inc. data)   RO Data    RW Data    ZI Data      Debug   Library Member Name

        24          0          0          0          0        204   funder.o
       400         38         64          0          0        132   logf.o
         0          0          0          0          0          0   entry.o
         0          0          0          0          0          0   entry10a.o
         0          0          0          0          0          0   entry11a.o
         4          0          0          0          0          0   entry12b.o
         8          4          0          0          0          0   entry2.o
         4          0          0          0          0          0   entry5.o
         0          0          0          0          0          0   entry7b.o
         0          0          0          0          0          0   entry8b.o
         8          4          0          0          0          0   entry9a.o
        12          6          0          4          0         68   errno.o
        30          0          0          0          0          0   handlers.o
        36          8          0          0          0         68   init.o
         0          0          0          0          0          0   iusefp.o
        36          0          0          0          0         68   memcpya.o
        36          0          0          0          0        108   memseta.o
        20          0          0          0          0         68   cfcmple.o
        20          0          0          0          0         68   cfrcmple.o
       176          0          0          0          0        140   fadd.o
       124          0          0          0          0         88   fdiv.o
       110          0          0          0          0        168   fepilogue.o
        50          0          0          0          0         68   ffixi.o
        40          0          0          0          0         68   ffixui.o
        18          0          0          0          0         68   fflti.o
        10          0          0          0          0         68   ffltui.o
       100          0          0          0          0         76   fmul.o
        24          0          0          0          0         68   fscalb.o

    ----------------------------------------------------------------------
      1294         60         64          4          0       1596   Library Totals
         4          0          0          0          0          0   (incl. Padding)

    ----------------------------------------------------------------------

      Code (inc. data)   RO Data    RW Data    ZI Data      Debug   Library Name

       424         38         64          0          0        336   m_ws.l
       174         22          0          4          0        312   mc_w.l
       692          0          0          0          0        948   mf_w.l

    ----------------------------------------------------------------------
      1294         60         64          4          0       1596   Library Totals

    ----------------------------------------------------------------------

==============================================================================


      Code (inc. data)   RO Data    RW Data    ZI Data      Debug   

     20432       1598        440        236      19564     437674   Grand Totals
     20432       1598        440        236      19564     437674   ELF Image Totals
     20432       1598        440        236          0          0   ROM Totals

==============================================================================

    Total RO  Size (Code + RO Data)                20872 (  20.38kB)
    Total RW  Size (RW Data + ZI Data)             19800 (  19.34kB)
    Total ROM Size (Code + RO Data + RW Data)      21108 (  20.61kB)

==============================================================================

